[1m[92m    Updating[0m crates.io index
[1m[92m Downloading[0m crates ...
[1m[92m  Downloaded[0m ahash v0.8.12
[1m[92m  Downloaded[0m convert_case v0.10.0
[1m[92m  Downloaded[0m drm-fourcc v2.2.0
[1m[92m  Downloaded[0m codespan-reporting v0.13.1
[1m[92m  Downloaded[0m bytemuck_derive v1.12.1
[1m[92m  Downloaded[0m fixedbitset v0.5.7
[1m[92m  Downloaded[0m foldhash v0.1.5
[1m[92m  Downloaded[0m event-listener-strategy v0.5.4
[1m[92m  Downloaded[0m fixed_decimal v0.7.2
[1m[92m  Downloaded[0m form_urlencoded v1.2.2
[1m[92m  Downloaded[0m foldhash v0.2.0
[1m[92m  Downloaded[0m hashlink v0.12.2
[1m[92m  Downloaded[0m gpu-allocator v0.28.0
[1m[92m  Downloaded[0m html5ever v0.39.0
[1m[92m  Downloaded[0m foreign-types v0.5.0
[1m[92m  Downloaded[0m http-body v1.1.0
[1m[92m  Downloaded[0m httpdate v1.0.3
[1m[92m  Downloaded[0m libseat-sys v0.2.0
[1m[92m  Downloaded[0m libloading v0.8.9
[1m[92m  Downloaded[0m matchers v0.2.0
[1m[92m  Downloaded[0m lyon_algorithms v1.0.21
[1m[92m  Downloaded[0m jiff v0.2.37
[1m[92m  Downloaded[0m parking v2.2.1
[1m[92m  Downloaded[0m proc-macro-crate v3.5.0
[1m[92m  Downloaded[0m rand_chacha v0.9.0
[1m[92m  Downloaded[0m peniko v0.6.1
[1m[92m  Downloaded[0m presser v0.3.1
[1m[92m  Downloaded[0m rand_xorshift v0.4.0
[1m[92m  Downloaded[0m raw-window-handle v0.6.2
[1m[92m  Downloaded[0m rusty-fork v0.3.1
[1m[92m  Downloaded[0m reqwest v0.13.5
[1m[92m  Downloaded[0m tiny-skia-path v0.12.0
[1m[92m  Downloaded[0m tokio-rustls v0.26.6
[1m[92m  Downloaded[0m scopeguard v1.2.0
[1m[92m  Downloaded[0m tinyvec v1.13.3
[1m[92m  Downloaded[0m sync_wrapper v1.0.2
[1m[92m  Downloaded[0m tinystr v0.8.4
[1m[92m  Downloaded[0m time-core v0.1.9
[1m[92m  Downloaded[0m smallvec v1.16.2
[1m[92m  Downloaded[0m tinytemplate v1.2.1
[1m[92m  Downloaded[0m tree_magic_mini v3.2.2
[1m[92m  Downloaded[0m turbojpeg v1.5.1
[1m[92m  Downloaded[0m utf8parse v0.2.2
[1m[92m  Downloaded[0m vello_cpu v0.0.8
[1m[92m  Downloaded[0m zeroize v1.9.0
[1m[92m  Downloaded[0m wgpu v30.0.1
[1m[92m  Downloaded[0m zbus v5.19.0
[1m[92m  Downloaded[0m zerofrom v0.1.8
[1m[92m  Downloaded[0m zstd v0.14.0
[1m[92m  Downloaded[0m yoke-derive v0.8.3
[1m[92m  Downloaded[0m zmij v1.0.23
[1m[92m  Downloaded[0m zune-jpeg v0.5.15
[1m[92m  Downloaded[0m xkeysym v0.2.1
[1m[92m  Downloaded[0m unty v0.0.4
[1m[92m  Downloaded[0m zerofrom-derive v0.1.8
[1m[92m  Downloaded[0m zbus_macros v5.19.0
[1m[92m  Downloaded[0m zeno v0.3.3
[1m[92m  Downloaded[0m zvariant_utils v4.2.0
[1m[92m  Downloaded[0m zvariant_derive v5.15.0
[1m[92m  Downloaded[0m yeslogic-fontconfig-sys v6.0.1
[1m[92m  Downloaded[0m skia-bindings v0.153.3
[1m[92m  Downloaded[0m zstd-safe v8.0.0
[1m[92m  Downloaded[0m zvariant v5.15.0
[1m[92m  Downloaded[0m zerocopy v0.8.59
[1m[92m  Downloaded[0m unicase v2.9.0
[1m[92m  Downloaded[0m wayland-scanner v0.31.11
[1m[92m  Downloaded[0m wgpu-core-deps-windows-linux-android v30.0.1
[1m[92m  Downloaded[0m zerovec v0.11.8
[1m[92m  Downloaded[0m wgpu-core v30.0.1
[1m[92m  Downloaded[0m zlib-rs v0.6.8
[1m[92m  Downloaded[0m windows-result v0.4.1
[1m[92m  Downloaded[0m tracing v0.1.44
[1m[92m  Downloaded[0m yazi v0.2.1
[1m[92m  Downloaded[0m zip v8.6.0
[1m[92m  Downloaded[0m zstd-sys v2.1.0+zstd.1.5.7
[1m[92m  Downloaded[0m trash v5.2.9
[1m[92m  Downloaded[0m zcheapstr v1.1.0
[1m[92m  Downloaded[0m icu_segmenter_data v2.3.0
[1m[92m  Downloaded[0m zune-core v0.5.3
[1m[92m  Downloaded[0m windows-implement v0.60.2
[1m[92m  Downloaded[0m xkbcommon v0.9.0
[1m[92m  Downloaded[0m xcursor v0.3.11
[1m[92m  Downloaded[0m winit v0.30.13
[1m[92m  Downloaded[0m vello_common v0.0.9
[1m[92m  Downloaded[0m vello_common v0.0.8
[1m[92m  Downloaded[0m zerotrie v0.2.5
[1m[92m  Downloaded[0m yaml-rust2 v0.13.0
[1m[92m  Downloaded[0m wgpu-hal v30.0.1
[1m[92m  Downloaded[0m xml5ever v0.39.0
[1m[92m  Downloaded[0m x11rb-protocol v0.13.2
[1m[92m  Downloaded[0m windows-interface v0.59.3
[1m[92m  Downloaded[0m url v2.5.8
[1m[92m  Downloaded[0m unarray v0.1.4
[1m[92m  Downloaded[0m png v0.18.1
[1m[92m  Downloaded[0m tracing-subscriber v0.3.23
[1m[92m  Downloaded[0m x11rb v0.13.2
[1m[92m  Downloaded[0m swash v0.2.10
[1m[92m  Downloaded[0m unicode-bidi v0.3.18
[1m[92m  Downloaded[0m tracing-attributes v0.1.31
[1m[92m  Downloaded[0m toml_datetime v1.1.1+spec-1.1.0
[1m[92m  Downloaded[0m ring v0.17.14
[1m[92m  Downloaded[0m serde_urlencoded v0.7.1
[1m[92m  Downloaded[0m linux-raw-sys v0.9.4
[1m[92m  Downloaded[0m walkdir v2.5.0
[1m[92m  Downloaded[0m version_check v0.9.5
[1m[92m  Downloaded[0m unicode-segmentation v1.13.3
[1m[92m  Downloaded[0m unicode-normalization v0.1.25
[1m[92m  Downloaded[0m thiserror v1.0.69
[1m[92m  Downloaded[0m unicode-script v0.5.8
[1m[92m  Downloaded[0m petgraph v0.8.3
[1m[92m  Downloaded[0m nix v0.31.3
[1m[92m  Downloaded[0m typed-path v0.12.3
[1m[92m  Downloaded[0m ttf-parser v0.25.1
[1m[92m  Downloaded[0m tower-service v0.3.3
[1m[92m  Downloaded[0m tower-http v0.7.1
[1m[92m  Downloaded[0m libsqlite3-sys v0.38.2
[1m[92m  Downloaded[0m tower v0.5.3
[1m[92m  Downloaded[0m time-macros v0.2.32
[1m[92m  Downloaded[0m text-size v1.1.1
[1m[92m  Downloaded[0m weezl v0.1.12
[1m[92m  Downloaded[0m wayland-client v0.31.15
[1m[92m  Downloaded[0m snafu-derive v0.8.9
[1m[92m  Downloaded[0m scoped-tls v1.0.1
[1m[92m  Downloaded[0m resvg v0.48.1
[1m[92m  Downloaded[0m yoke v0.8.3
[1m[92m  Downloaded[0m windows-threading v0.2.1
[1m[92m  Downloaded[0m windows-strings v0.5.1
[1m[92m  Downloaded[0m turbojpeg-sys v1.2.0
[1m[92m  Downloaded[0m windows-collections v0.3.2
[1m[92m  Downloaded[0m wgpu-naga-bridge v30.0.1
[1m[92m  Downloaded[0m wayland-csd-frame v0.3.0
[1m[92m  Downloaded[0m want v0.3.1
[1m[92m  Downloaded[0m subtle v2.6.1
[1m[92m  Downloaded[0m smol_str v0.3.2
[1m[92m  Downloaded[0m sha1 v0.11.0
[1m[92m  Downloaded[0m rustls-platform-verifier v0.7.1
[1m[92m  Downloaded[0m nom v7.1.3
[1m[92m  Downloaded[0m windows-numerics v0.3.1
[1m[92m  Downloaded[0m wayland-cursor v0.31.14
[1m[92m  Downloaded[0m vtable v0.5.0
[1m[92m  Downloaded[0m unicode-linebreak v0.1.5
[1m[92m  Downloaded[0m typed-index-collections v3.3.0
[1m[92m  Downloaded[0m tiny-skia v0.11.4
[1m[92m  Downloaded[0m glow v0.18.0
[1m[92m  Downloaded[0m winnow v1.0.4
[1m[92m  Downloaded[0m vtable-macro v0.5.0
[1m[92m  Downloaded[0m urlencoding v2.1.3
[1m[92m  Downloaded[0m untrusted v0.9.0
[1m[92m  Downloaded[0m static_assertions v1.1.0
[1m[92m  Downloaded[0m slotmap v1.1.1
[1m[92m  Downloaded[0m pkg-config v0.3.34
[1m[92m  Downloaded[0m piper v0.2.5
[1m[92m  Downloaded[0m num-integer v0.1.47
[1m[92m  Downloaded[0m markup5ever_rcdom v0.39.0+unofficial
[1m[92m  Downloaded[0m getrandom v0.2.17
[1m[92m  Downloaded[0m fdeflate v0.3.7
[1m[92m  Downloaded[0m fastrand v2.5.0
[1m[92m  Downloaded[0m either v1.18.0
[1m[92m  Downloaded[0m downcast-rs v1.2.1
[1m[92m  Downloaded[0m data-url v0.3.2
[1m[92m  Downloaded[0m zerovec-derive v0.11.6
[1m[92m  Downloaded[0m xattr v1.6.1
[1m[92m  Downloaded[0m x11-dl v2.21.0
[1m[92m  Downloaded[0m wl-clipboard-rs v0.9.4
[1m[92m  Downloaded[0m web_atoms v0.2.6
[1m[92m  Downloaded[0m wayland-protocols v0.32.13
[1m[92m  Downloaded[0m vcpkg v0.2.15
[1m[92m  Downloaded[0m unicode-xid v0.2.6
[1m[92m  Downloaded[0m unicode-vo v0.1.0
[1m[92m  Downloaded[0m tokio v1.53.1
[1m[92m  Downloaded[0m tiny-skia v0.12.0
[1m[92m  Downloaded[0m thread_local v1.1.10
[1m[92m  Downloaded[0m syn v2.0.119
[1m[92m  Downloaded[0m strum_macros v0.28.0
[1m[92m  Downloaded[0m string_cache_codegen v0.6.1
[1m[92m  Downloaded[0m slab v0.4.12
[1m[92m  Downloaded[0m proc-macro2 v1.0.107
[1m[92m  Downloaded[0m phf v0.13.1
[1m[92m  Downloaded[0m percent-encoding v2.3.2
[1m[92m  Downloaded[0m page_size v0.6.0
[1m[92m  Downloaded[0m lcms2 v6.2.0
[1m[92m  Downloaded[0m glutin-winit v0.5.0
[1m[92m  Downloaded[0m fallible-streaming-iterator v0.1.9
[1m[92m  Downloaded[0m endi v1.1.1
[1m[92m  Downloaded[0m criterion-plot v0.8.2
[1m[92m  Downloaded[0m zerocopy-derive v0.8.59
[1m[92m  Downloaded[0m zbus_names v4.3.4
[1m[92m  Downloaded[0m xkbcommon-dl v0.4.2
[1m[92m  Downloaded[0m writeable v0.6.4
[1m[92m  Downloaded[0m windows-link v0.2.1
[1m[92m  Downloaded[0m windows-future v0.3.2
[1m[92m  Downloaded[0m windows-core v0.62.2
[1m[92m  Downloaded[0m wait-timeout v0.2.1
[1m[92m  Downloaded[0m udev v0.9.3
[1m[92m  Downloaded[0m tracing-core v0.1.36
[1m[92m  Downloaded[0m tower-layer v0.3.3
[1m[92m  Downloaded[0m toml_writer v1.1.2+spec-1.1.0
[1m[92m  Downloaded[0m strsim v0.11.1
[1m[92m  Downloaded[0m spin_on v0.1.1
[1m[92m  Downloaded[0m serde_json v1.0.151
[1m[92m  Downloaded[0m roxmltree v0.21.1
[1m[92m  Downloaded[0m regex-automata v0.4.18
[1m[92m  Downloaded[0m read-fonts v0.41.0
[1m[92m  Downloaded[0m quick-error v2.0.1
[1m[92m  Downloaded[0m linux-raw-sys v0.12.1
[1m[92m  Downloaded[0m linux-raw-sys v0.4.15
[1m[92m  Downloaded[0m gif v0.14.2
[1m[92m  Downloaded[0m enumflags2_derive v0.7.12
[1m[92m  Downloaded[0m webbrowser v1.2.4
[1m[92m  Downloaded[0m wayland-sys v0.31.11
[1m[92m  Downloaded[0m wayland-protocols-wlr v0.3.12
[1m[92m  Downloaded[0m wayland-protocols-plasma v0.3.12
[1m[92m  Downloaded[0m sys-locale v0.3.2
[1m[92m  Downloaded[0m slint-build v1.18.1
[1m[92m  Downloaded[0m skrifa v0.42.1
[1m[92m  Downloaded[0m skia-safe v0.153.3
[1m[92m  Downloaded[0m signal-hook-registry v1.4.8
[1m[92m  Downloaded[0m sctk-adwaita v0.10.1
[1m[92m  Downloaded[0m pxfm v0.1.30
[1m[92m  Downloaded[0m web-time v1.1.0
[1m[92m  Downloaded[0m uuid v1.26.1
[1m[92m  Downloaded[0m usvg v0.48.1
[1m[92m  Downloaded[0m unicode-width v0.2.2
[1m[92m  Downloaded[0m time v0.3.55
[1m[92m  Downloaded[0m syn v3.0.6
[1m[92m  Downloaded[0m simdutf8 v0.1.5
[1m[92m  Downloaded[0m rustls v0.23.45
[1m[92m  Downloaded[0m rustix v1.1.5
[1m[92m  Downloaded[0m regex-syntax v0.8.11
[1m[92m  Downloaded[0m regex v1.13.1
[1m[92m  Downloaded[0m read-fonts v0.39.2
[1m[92m  Downloaded[0m libc v0.2.189
[1m[92m  Downloaded[0m i-slint-compiler v1.18.1
[1m[92m  Downloaded[0m futures-channel v0.3.34
[1m[92m  Downloaded[0m float-cmp v0.9.0
[1m[92m  Downloaded[0m dpi v0.1.2
[1m[92m  Downloaded[0m xmlwriter v0.1.0
[1m[92m  Downloaded[0m xml-rs v0.8.29
[1m[92m  Downloaded[0m wgpu-types v30.0.1
[1m[92m  Downloaded[0m wayland-backend v0.3.17
[1m[92m  Downloaded[0m unicode-ident v1.0.26
[1m[92m  Downloaded[0m typenum v1.20.1
[1m[92m  Downloaded[0m taffy v0.10.1
[1m[92m  Downloaded[0m spirv v0.4.0+sdk-1.4.341.0
[1m[92m  Downloaded[0m snafu v0.8.9
[1m[92m  Downloaded[0m aws-lc-sys v0.45.0
[1m[92m  Downloaded[0m skrifa v0.44.0
[1m[92m  Downloaded[0m rustix v0.38.44
[1m[92m  Downloaded[0m moxcms v0.8.1
[1m[92m  Downloaded[0m kurbo v0.13.1
[1m[92m  Downloaded[0m utf8_iter v1.0.4
[1m[92m  Downloaded[0m try-lock v0.2.5
[1m[92m  Downloaded[0m toml_parser v1.1.3+spec-1.1.0
[1m[92m  Downloaded[0m ryu v1.0.23
[1m[92m  Downloaded[0m rayon v1.12.0
[1m[92m  Downloaded[0m quick-xml v0.42.0
[1m[92m  Downloaded[0m tower-http v0.6.11
[1m[92m  Downloaded[0m tokio-util v0.7.19
[1m[92m  Downloaded[0m smithay-client-toolkit v0.19.2
[1m[92m  Downloaded[0m slint v1.18.1
[1m[92m  Downloaded[0m rusqlite v0.40.2
[1m[92m  Downloaded[0m tiff v0.11.3
[1m[92m  Downloaded[0m thiserror-impl v1.0.69
[1m[92m  Downloaded[0m tar v0.4.46
[1m[92m  Downloaded[0m softbuffer v0.4.8
[1m[92m  Downloaded[0m rustc-hash v2.1.3
[1m[92m  Downloaded[0m roxmltree v0.20.0
[1m[92m  Downloaded[0m roaring v0.11.3
[1m[92m  Downloaded[0m portable-atomic v1.15.0
[1m[92m  Downloaded[0m plotters v0.3.7
[1m[92m  Downloaded[0m owned_ttf_parser v0.25.1
[1m[92m  Downloaded[0m tracing-log v0.2.0
[1m[92m  Downloaded[0m toml_edit v0.25.15+spec-1.1.0
[1m[92m  Downloaded[0m toml v1.1.6+spec-1.1.0
[1m[92m  Downloaded[0m tokio-macros v2.7.2
[1m[92m  Downloaded[0m tiny-skia-path v0.11.4
[1m[92m  Downloaded[0m thiserror-impl v2.0.21
[1m[92m  Downloaded[0m synstructure v0.14.0
[1m[92m  Downloaded[0m strum v0.28.0
[1m[92m  Downloaded[0m slint-macros v1.18.1
[1m[92m  Downloaded[0m shlex v1.3.0
[1m[92m  Downloaded[0m sha2 v0.11.0
[1m[92m  Downloaded[0m serde_derive v1.0.229
[1m[92m  Downloaded[0m serde_core v1.0.229
[1m[92m  Downloaded[0m rustls-pki-types v1.15.1
[1m[92m  Downloaded[0m phf_generator v0.13.1
[1m[92m  Downloaded[0m lyon_path v1.0.19
[1m[92m  Downloaded[0m tempfile v3.27.0
[1m[92m  Downloaded[0m svgtypes v0.16.1
[1m[92m  Downloaded[0m simplecss v0.2.2
[1m[92m  Downloaded[0m shlex v2.0.1
[1m[92m  Downloaded[0m sharded-slab v0.1.7
[1m[92m  Downloaded[0m serde_path_to_error v0.1.20
[1m[92m  Downloaded[0m serde v1.0.229
[1m[92m  Downloaded[0m i-slint-core v1.18.1
[1m[92m  Downloaded[0m serde_repr v0.1.21
[1m[92m  Downloaded[0m rfd v0.17.2
[1m[92m  Downloaded[0m profiling v1.0.18
[1m[92m  Downloaded[0m num_enum v0.7.6
[1m[92m  Downloaded[0m tendril v0.5.1
[1m[92m  Downloaded[0m rowan v0.17.0
[1m[92m  Downloaded[0m tiny-xlib v0.2.5
[1m[92m  Downloaded[0m simd-adler32 v0.3.10
[1m[92m  Downloaded[0m siphasher v1.0.4
[1m[92m  Downloaded[0m prettyplease v0.2.37
[1m[92m  Downloaded[0m rspolib v0.1.2
[1m[92m  Downloaded[0m rustversion v1.0.23
[1m[92m  Downloaded[0m rustls-native-certs v0.8.4
[1m[92m  Downloaded[0m rayon-core v1.13.0
[1m[92m  Downloaded[0m plotters-svg v0.3.7
[1m[92m  Downloaded[0m pin-utils v0.1.0
[1m[92m  Downloaded[0m phf_macros v0.13.1
[1m[92m  Downloaded[0m parking_lot_core v0.9.12
[1m[92m  Downloaded[0m lru-slab v0.1.3
[1m[92m  Downloaded[0m libudev-sys v0.1.4
[1m[92m  Downloaded[0m thiserror v2.0.21
[1m[92m  Downloaded[0m string_cache v0.9.0
[1m[92m  Downloaded[0m strict-num v0.1.1
[1m[92m  Downloaded[0m socket2 v0.6.5
[1m[92m  Downloaded[0m serde_spanned v1.1.1
[1m[92m  Downloaded[0m semver v1.0.28
[1m[92m  Downloaded[0m scoped-tls-hkt v0.1.5
[1m[92m  Downloaded[0m same-file v1.0.6
[1m[92m  Downloaded[0m rustc_version v0.4.1
[1m[92m  Downloaded[0m rgb v0.8.53
[1m[92m  Downloaded[0m rand_pcg v0.10.2
[1m[92m  Downloaded[0m miniz_oxide v0.9.1
[1m[92m  Downloaded[0m itertools v0.15.0
[1m[92m  Downloaded[0m image v0.25.10
[1m[92m  Downloaded[0m encoding_rs v0.8.42
[1m[92m  Downloaded[0m stable_deref_trait v1.2.1
[1m[92m  Downloaded[0m smol_str v0.2.2
[1m[92m  Downloaded[0m rustls-webpki v0.103.15
[1m[92m  Downloaded[0m rustc-hash v1.1.0
[1m[92m  Downloaded[0m quinn-proto v0.11.18
[1m[92m  Downloaded[0m pulldown-cmark v0.13.4
[1m[92m  Downloaded[0m potential_utf v0.1.6
[1m[92m  Downloaded[0m naga v30.0.1
[1m[92m  Downloaded[0m lcms2-sys v4.0.7
[1m[92m  Downloaded[0m harfrust v0.12.0
[1m[92m  Downloaded[0m fancy-regex v0.19.2
[1m[92m  Downloaded[0m rand v0.10.3
[1m[92m  Downloaded[0m quick-xml v0.41.0
[1m[92m  Downloaded[0m pic-scale v0.7.12
[1m[92m  Downloaded[0m ordered-float v5.4.0
[1m[92m  Downloaded[0m num-bigint v0.4.8
[1m[92m  Downloaded[0m nom v8.0.0
[1m[92m  Downloaded[0m khronos_api v3.1.0
[1m[92m  Downloaded[0m jobserver v0.1.35
[1m[92m  Downloaded[0m icu_segmenter v2.3.0
[1m[92m  Downloaded[0m hashbrown v0.14.5
[1m[92m  Downloaded[0m fearless_simd v0.4.1
[1m[92m  Downloaded[0m derive_more-impl v2.1.1
[1m[92m  Downloaded[0m renderdoc-sys v1.1.0
[1m[92m  Downloaded[0m rand v0.9.5
[1m[92m  Downloaded[0m parley v0.11.1
[1m[92m  Downloaded[0m oorandom v11.1.5
[1m[92m  Downloaded[0m mio v1.2.3
[1m[92m  Downloaded[0m memchr v2.8.3
[1m[92m  Downloaded[0m jiff-core v0.1.1
[1m[92m  Downloaded[0m idna v1.1.0
[1m[92m  Downloaded[0m futures-util v0.3.34
[1m[92m  Downloaded[0m rand_core v0.9.5
[1m[92m  Downloaded[0m quote v1.0.47
[1m[92m  Downloaded[0m quinn-udp v0.5.15
[1m[92m  Downloaded[0m quinn v0.11.12
[1m[92m  Downloaded[0m qoi v0.4.1
[1m[92m  Downloaded[0m proptest v1.11.0
[1m[92m  Downloaded[0m polycool v0.4.0
[1m[92m  Downloaded[0m polling v3.11.0
[1m[92m  Downloaded[0m pin-project-lite v0.2.17
[1m[92m  Downloaded[0m pin-project-internal v1.1.13
[1m[92m  Downloaded[0m num_enum_derive v0.7.6
[1m[92m  Downloaded[0m new_debug_unreachable v1.0.6
[1m[92m  Downloaded[0m miniz_oxide v0.8.9
[1m[92m  Downloaded[0m matchit v0.8.4
[1m[92m  Downloaded[0m lyon_geom v1.0.19
[1m[92m  Downloaded[0m indexmap v2.14.2
[1m[92m  Downloaded[0m hashbrown v0.15.5
[1m[92m  Downloaded[0m fontdb v0.24.0
[1m[92m  Downloaded[0m document-features v0.2.12
[1m[92m  Downloaded[0m rand_core v0.10.1
[1m[92m  Downloaded[0m pico-args v0.5.0
[1m[92m  Downloaded[0m parley_data v0.11.1
[1m[92m  Downloaded[0m parking_lot v0.12.5
[1m[92m  Downloaded[0m ordered-stream v0.2.0
[1m[92m  Downloaded[0m once_cell v1.21.4
[1m[92m  Downloaded[0m num-conv v0.2.2
[1m[92m  Downloaded[0m natord v1.0.9
[1m[92m  Downloaded[0m multiversion_no_op v1.0.0
[1m[92m  Downloaded[0m memoffset v0.9.1
[1m[92m  Downloaded[0m lz4_flex v0.14.0
[1m[92m  Downloaded[0m libseat v0.2.4
[1m[92m  Downloaded[0m libm v0.2.16
[1m[92m  Downloaded[0m icu_properties_data v2.3.0
[1m[92m  Downloaded[0m hyper-util v0.1.21
[1m[92m  Downloaded[0m hayro-syntax v0.7.2
[1m[92m  Downloaded[0m os_pipe v1.2.3
[1m[92m  Downloaded[0m mime v0.3.17
[1m[92m  Downloaded[0m md-5 v0.11.0
[1m[92m  Downloaded[0m lyon_extra v1.1.0
[1m[92m  Downloaded[0m log v0.4.34
[1m[92m  Downloaded[0m icu_decimal v2.3.0
[1m[92m  Downloaded[0m http v1.5.0
[1m[92m  Downloaded[0m num-traits v0.2.19
[1m[92m  Downloaded[0m litrs v1.0.0
[1m[92m  Downloaded[0m input-sys v1.19.0
[1m[92m  Downloaded[0m icu_properties v2.3.0
[1m[92m  Downloaded[0m h2 v0.4.19
[1m[92m  Downloaded[0m glutin_glx_sys v0.6.1
[1m[92m  Downloaded[0m drm-sys v0.8.1
[1m[92m  Downloaded[0m quick-error v1.2.3
[1m[92m  Downloaded[0m precomputed-hash v0.1.1
[1m[92m  Downloaded[0m ppv-lite86 v0.2.21
[1m[92m  Downloaded[0m powerfmt v0.2.0
[1m[92m  Downloaded[0m pollster v0.4.0
[1m[92m  Downloaded[0m plotters-backend v0.3.7
[1m[92m  Downloaded[0m pin-weak v1.1.0
[1m[92m  Downloaded[0m phf_shared v0.13.1
[1m[92m  Downloaded[0m phf_codegen v0.13.1
[1m[92m  Downloaded[0m parlance v0.1.0
[1m[92m  Downloaded[0m nu-ansi-term v0.50.3
[1m[92m  Downloaded[0m memmap2 v0.9.11
[1m[92m  Downloaded[0m markup5ever v0.39.0
[1m[92m  Downloaded[0m lzma-rs v0.3.0
[1m[92m  Downloaded[0m lock_api v0.4.14
[1m[92m  Downloaded[0m jiff-static v0.2.37
[1m[92m  Downloaded[0m itoa v1.0.18
[1m[92m  Downloaded[0m is_terminal_polyfill v1.70.2
[1m[92m  Downloaded[0m input v0.10.0
[1m[92m  Downloaded[0m icu_plurals v2.3.0
[1m[92m  Downloaded[0m icu_locale_core v2.3.0
[1m[92m  Downloaded[0m i-slint-backend-winit v1.18.1
[1m[92m  Downloaded[0m i-slint-backend-linuxkms v1.18.1
[1m[92m  Downloaded[0m glutin v0.32.3
[1m[92m  Downloaded[0m futures v0.3.34
[1m[92m  Downloaded[0m euclid v0.22.14
[1m[92m  Downloaded[0m drm v0.14.1
[1m[92m  Downloaded[0m derive_more v2.1.1
[1m[92m  Downloaded[0m criterion v0.8.2
[1m[92m  Downloaded[0m cfb v0.15.0
[1m[92m  Downloaded[0m plist v1.10.1
[1m[92m  Downloaded[0m pin-project v1.1.13
[1m[92m  Downloaded[0m ipnet v2.12.2
[1m[92m  Downloaded[0m io-lifetimes v1.0.11
[1m[92m  Downloaded[0m image-webp v0.2.4
[1m[92m  Downloaded[0m icu_provider v2.3.1
[1m[92m  Downloaded[0m icu_locale_fallback_data v2.3.0
[1m[92m  Downloaded[0m iana-time-zone v0.1.65
[1m[92m  Downloaded[0m i-slint-core-macros v1.18.1
[1m[92m  Downloaded[0m hyper-rustls v0.27.10
[1m[92m  Downloaded[0m hashbrown v0.16.1
[1m[92m  Downloaded[0m glifo v0.1.1
[1m[92m  Downloaded[0m getrandom v0.4.3
[1m[92m  Downloaded[0m fontique v0.11.1
[1m[92m  Downloaded[0m crossbeam-utils v0.8.23
[1m[92m  Downloaded[0m ciborium-ll v0.2.2
[1m[92m  Downloaded[0m brotli v8.0.4
[1m[92m  Downloaded[0m openssl-probe v0.2.1
[1m[92m  Downloaded[0m naga-types v30.0.1
[1m[92m  Downloaded[0m minimal-lexical v0.2.1
[1m[92m  Downloaded[0m imgref v1.12.3
[1m[92m  Downloaded[0m icu_normalizer v2.3.0
[1m[92m  Downloaded[0m heck v0.5.0
[1m[92m  Downloaded[0m getrandom v0.3.4
[1m[92m  Downloaded[0m futures-lite v2.6.1
[1m[92m  Downloaded[0m i-slint-backend-testing v1.18.1
[1m[92m  Downloaded[0m half v2.7.1
[1m[92m  Downloaded[0m fs_extra v1.3.0
[1m[92m  Downloaded[0m deranged v0.5.8
[1m[92m  Downloaded[0m defmt v1.1.1
[1m[92m  Downloaded[0m crossbeam-epoch v0.9.21
[1m[92m  Downloaded[0m litemap v0.8.3
[1m[92m  Downloaded[0m linebender_resource_handle v0.1.1
[1m[92m  Downloaded[0m lazy_static v1.5.0
[1m[92m  Downloaded[0m imagesize v0.15.0
[1m[92m  Downloaded[0m idna_adapter v1.2.2
[1m[92m  Downloaded[0m hayro-interpret v0.7.0
[1m[92m  Downloaded[0m hayro-cmap v0.1.0
[1m[92m  Downloaded[0m guillotiere v0.7.0
[1m[92m  Downloaded[0m grid v1.0.1
[1m[92m  Downloaded[0m glob v0.3.4
[1m[92m  Downloaded[0m fs4 v0.13.1
[1m[92m  Downloaded[0m font-types v0.11.3
[1m[92m  Downloaded[0m fallible-iterator v0.3.0
[1m[92m  Downloaded[0m dtor v0.8.1
[1m[92m  Downloaded[0m digest v0.11.3
[1m[92m  Downloaded[0m ash v0.38.0+1.3.281
[1m[92m  Downloaded[0m itertools v0.13.0
[1m[92m  Downloaded[0m icu_plurals_data v2.3.0
[1m[92m  Downloaded[0m i-slint-renderer-software v1.18.1
[1m[92m  Downloaded[0m i-slint-common v1.18.1
[1m[92m  Downloaded[0m hyper v1.11.1
[1m[92m  Downloaded[0m http-body-util v0.1.5
[1m[92m  Downloaded[0m hayro-jpeg2000 v0.3.5
[1m[92m  Downloaded[0m hashbrown v0.17.1
[1m[92m  Downloaded[0m futures-io v0.3.34
[1m[92m  Downloaded[0m font-types v0.12.5
[1m[92m  Downloaded[0m equivalent v1.0.2
[1m[92m  Downloaded[0m enumflags2 v0.7.12
[1m[92m  Downloaded[0m dlib v0.5.3
[1m[92m  Downloaded[0m displaydoc v0.2.7
[1m[92m  Downloaded[0m defmt-parser v1.0.0
[1m[92m  Downloaded[0m defmt-macros v1.1.1
[1m[92m  Downloaded[0m crypto-common v0.2.2
[1m[92m  Downloaded[0m countme v3.0.1
[1m[92m  Downloaded[0m clap_builder v4.6.7
[1m[92m  Downloaded[0m cfg-if v1.0.5
[1m[92m  Downloaded[0m calloop v0.13.0
[1m[92m  Downloaded[0m byteorder v1.5.0
[1m[92m  Downloaded[0m arboard v3.6.1
[1m[92m  Downloaded[0m annotate-snippets v0.12.16
[1m[92m  Downloaded[0m aho-corasick v1.1.5
[1m[92m  Downloaded[0m icu_normalizer_data v2.3.0
[1m[92m  Downloaded[0m icu_collections v2.3.0
[1m[92m  Downloaded[0m i-slint-renderer-skia v1.18.1
[1m[92m  Downloaded[0m i-slint-backend-selector v1.18.1
[1m[92m  Downloaded[0m httparse v1.10.1
[1m[92m  Downloaded[0m hayro-postscript v0.1.0
[1m[92m  Downloaded[0m hayro v0.7.1
[1m[92m  Downloaded[0m futures-executor v0.3.34
[1m[92m  Downloaded[0m futures-core v0.3.34
[1m[92m  Downloaded[0m foreign-types-macros v0.2.4
[1m[92m  Downloaded[0m flate2 v1.1.10
[1m[92m  Downloaded[0m dunce v1.0.5
[1m[92m  Downloaded[0m ctor v0.10.1
[1m[92m  Downloaded[0m crossbeam-deque v0.8.8
[1m[92m  Downloaded[0m const-oid v0.10.2
[1m[92m  Downloaded[0m concurrent-queue v2.5.0
[1m[92m  Downloaded[0m color v0.3.3
[1m[92m  Downloaded[0m chardetng v1.0.0
[1m[92m  Downloaded[0m chacha20 v0.10.2
[1m[92m  Downloaded[0m cc v1.5.1
[1m[92m  Downloaded[0m calloop v0.14.4
[1m[92m  Downloaded[0m anyhow v1.0.104
[1m[92m  Downloaded[0m anstyle v1.0.14
[1m[92m  Downloaded[0m anstream v1.0.0
[1m[92m  Downloaded[0m icu_locale_fallback v2.3.0
[1m[92m  Downloaded[0m icu_decimal_data v2.3.0
[1m[92m  Downloaded[0m hybrid-array v0.4.15
[1m[92m  Downloaded[0m futures-task v0.3.34
[1m[92m  Downloaded[0m futures-sink v0.3.34
[1m[92m  Downloaded[0m errno v0.3.14
[1m[92m  Downloaded[0m colorchoice v1.0.5
[1m[92m  Downloaded[0m bitflags v1.3.2
[1m[92m  Downloaded[0m async-process v2.5.0
[1m[92m  Downloaded[0m async-lock v3.4.2
[1m[92m  Downloaded[0m htmlparser v0.2.1
[1m[92m  Downloaded[0m hayro-jbig2 v0.3.0
[1m[92m  Downloaded[0m gethostname v1.1.0
[1m[92m  Downloaded[0m futures-macro v0.3.34
[1m[92m  Downloaded[0m color_quant v1.1.0
[1m[92m  Downloaded[0m clap v4.6.7
[1m[92m  Downloaded[0m ciborium-io v0.2.2
[1m[92m  Downloaded[0m async-recursion v1.1.1
[1m[92m  Downloaded[0m anstyle-query v1.1.5
[1m[92m  Downloaded[0m ab_glyph v0.2.32
[1m[92m  Downloaded[0m hex v0.4.3
[1m[92m  Downloaded[0m hayro-ccitt v0.3.0
[1m[92m  Downloaded[0m glutin_egl_sys v0.7.1
[1m[92m  Downloaded[0m field-offset v0.3.6
[1m[92m  Downloaded[0m clap_lex v1.1.1
[1m[92m  Downloaded[0m bit-vec v0.9.1
[1m[92m  Downloaded[0m autocfg v1.5.1
[1m[92m  Downloaded[0m arraydeque v0.5.1
[1m[92m  Downloaded[0m const-field-offset v0.2.1
[1m[92m  Downloaded[0m bincode v2.0.1
[1m[92m  Downloaded[0m arc-swap v1.9.2
[1m[92m  Downloaded[0m anstyle-parse v1.0.0
[1m[92m  Downloaded[0m gl_generator v0.14.0
[1m[92m  Downloaded[0m find-msvc-tools v0.1.14
[1m[92m  Downloaded[0m cmake v0.1.58
[1m[92m  Downloaded[0m clap_derive v4.6.7
[1m[92m  Downloaded[0m base64 v0.23.1
[1m[92m  Downloaded[0m async-broadcast v0.7.2
[1m[92m  Downloaded[0m arrayvec v0.7.8
[1m[92m  Downloaded[0m gcd v2.3.0
[1m[92m  Downloaded[0m fax v0.2.7
[1m[92m  Downloaded[0m drm-ffi v0.9.1
[1m[92m  Downloaded[0m crc-catalog v2.5.0
[1m[92m  Downloaded[0m crc v3.4.0
[1m[92m  Downloaded[0m clang-sys v1.9.1
[1m[92m  Downloaded[0m cast v0.3.0
[1m[92m  Downloaded[0m async-trait v0.1.92
[1m[92m  Downloaded[0m compression-codecs v0.4.44
[1m[92m  Downloaded[0m windows v0.62.2
[1m[92m  Downloaded[0m clru v0.6.3
[1m[92m  Downloaded[0m ciborium v0.2.2
[1m[92m  Downloaded[0m byteorder-lite v0.1.0
[1m[92m  Downloaded[0m by_address v1.2.1
[1m[92m  Downloaded[0m bit-vec v0.8.0
[1m[92m  Downloaded[0m axum-macros v0.5.1
[1m[92m  Downloaded[0m async-compression v0.4.49
[1m[92m  Downloaded[0m fnv v1.0.7
[1m[92m  Downloaded[0m async-executor v1.14.0
[1m[92m  Downloaded[0m arrayref v0.3.9
[1m[92m  Downloaded[0m foreign-types-shared v0.3.1
[1m[92m  Downloaded[0m fontconfig-parser v0.5.8
[1m[92m  Downloaded[0m filetime v0.2.29
[1m[92m  Downloaded[0m core_detect v1.0.0
[1m[92m  Downloaded[0m axum v0.8.9
[1m[92m  Downloaded[0m async-io v2.6.0
[1m[92m  Downloaded[0m crc32fast v1.5.2
[1m[92m  Downloaded[0m bytemuck v1.25.2
[1m[92m  Downloaded[0m bit-set v0.10.0
[1m[92m  Downloaded[0m atomic-waker v1.1.2
[1m[92m  Downloaded[0m async-channel v2.5.0
[1m[92m  Downloaded[0m adler2 v2.0.1
[1m[92m  Downloaded[0m cpufeatures v0.3.1
[1m[92m  Downloaded[0m chrono v0.4.45
[1m[92m  Downloaded[0m bytes v1.12.1
[1m[92m  Downloaded[0m blocking v1.7.0
[1m[92m  Downloaded[0m axum-core v0.5.6
[1m[92m  Downloaded[0m async-task v4.7.1
[1m[92m  Downloaded[0m event-listener v5.4.2
[1m[92m  Downloaded[0m critical-section v1.2.0
[1m[92m  Downloaded[0m brotli-decompressor v5.0.3
[1m[92m  Downloaded[0m block-buffer v0.12.1
[1m[92m  Downloaded[0m as-raw-xcb-connection v1.0.1
[1m[92m  Downloaded[0m alloca v0.4.0
[1m[92m  Downloaded[0m crossbeam-channel v0.5.17
[1m[92m  Downloaded[0m compression-core v0.4.33
[1m[92m  Downloaded[0m bitflags v2.13.2
[1m[92m  Downloaded[0m bit-set v0.8.0
[1m[92m  Downloaded[0m base64 v0.22.1
[1m[92m  Downloaded[0m aws-lc-rs v1.18.1
[1m[92m  Downloaded[0m async-signal v0.2.14
[1m[92m  Downloaded[0m allocator-api2 v0.2.21
[1m[92m  Downloaded[0m ab_glyph_rasterizer v0.1.10
[1m[92m  Downloaded[0m calloop-wayland-source v0.3.0
[1m[92m  Downloaded[0m anes v0.1.6
[1m[92m  Downloaded[0m cursor-icon v1.2.0
[1m[92m  Downloaded[0m cexpr v0.6.0
[1m[92m  Downloaded[0m alloc-stdlib v0.2.4
[1m[92m  Downloaded[0m alloc-no-stdlib v2.0.4
[1m[92m  Downloaded[0m const-field-offset-macro v0.2.1
[1m[92m  Downloaded[0m cfg_aliases v0.2.2
[1m[92m  Downloaded[0m borsh v1.8.1
[1m[92m  Downloaded[0m bindgen v0.72.1
[1m[92m   Compiling[0m proc-macro2 v1.0.107
[1m[92m   Compiling[0m quote v1.0.47
[1m[92m   Compiling[0m unicode-ident v1.0.26
[1m[92m   Compiling[0m syn v3.0.6
[1m[92m   Compiling[0m libc v0.2.189
[1m[92m    Checking[0m cfg-if v1.0.5
[1m[92m   Compiling[0m syn v2.0.119
[1m[92m   Compiling[0m pkg-config v0.3.34
[1m[92m    Checking[0m smallvec v1.16.2
[1m[92m   Compiling[0m jobserver v0.1.35
[1m[92m   Compiling[0m find-msvc-tools v0.1.14
[1m[92m   Compiling[0m shlex v2.0.1
[1m[92m   Compiling[0m cc v1.5.1
[1m[92m   Compiling[0m portable-atomic v1.15.0
[1m[92m    Checking[0m critical-section v1.2.0
[1m[92m    Checking[0m bitflags v2.13.2
[1m[92m    Checking[0m once_cell v1.21.4
[1m[92m   Compiling[0m autocfg v1.5.1
[1m[92m    Checking[0m log v0.4.34
[1m[92m    Checking[0m memchr v2.8.3
[1m[92m    Checking[0m foldhash v0.2.0
[1m[92m   Compiling[0m libm v0.2.16
[1m[92m    Checking[0m hashbrown v0.17.1
[1m[92m   Compiling[0m serde_core v1.0.229
[1m[92m   Compiling[0m serde_derive v1.0.229
[1m[92m   Compiling[0m crc32fast v1.5.2
[1m[92m   Compiling[0m rustix v1.1.5
[1m[92m    Checking[0m scopeguard v1.2.0
[1m[92m    Checking[0m linux-raw-sys v0.12.1
[1m[92m   Compiling[0m siphasher v1.0.4
[1m[92m    Checking[0m equivalent v1.0.2
[1m[92m   Compiling[0m parking_lot_core v0.9.12
[1m[92m    Checking[0m lock_api v0.4.14
[1m[92m   Compiling[0m serde v1.0.229
[1m[92m    Checking[0m parking_lot v0.12.5
[1m[92m    Checking[0m indexmap v2.14.2
[1m[92m   Compiling[0m num-traits v0.2.19
[1m[92m    Checking[0m itoa v1.0.18
[1m[92m   Compiling[0m thiserror-impl v2.0.21
[1m[92m   Compiling[0m zmij v1.0.23
[1m[92m   Compiling[0m bytemuck_derive v1.12.1
[1m[92m    Checking[0m simd-adler32 v0.3.10
[1m[92m    Checking[0m adler2 v2.0.1
[1m[92m    Checking[0m miniz_oxide v0.9.1
[1m[92m    Checking[0m zlib-rs v0.6.8
[1m[92m    Checking[0m flate2 v1.1.10
[1m[92m   Compiling[0m phf_shared v0.13.1
[1m[92m   Compiling[0m thiserror v2.0.21
[1m[92m   Compiling[0m fastrand v2.5.0
[1m[92m   Compiling[0m phf_generator v0.13.1
[1m[92m    Checking[0m tinyvec v1.13.3
[1m[92m   Compiling[0m serde_json v1.0.151
[1m[92m   Compiling[0m phf_macros v0.13.1
[1m[92m   Compiling[0m getrandom v0.4.3
[1m[92m    Checking[0m rand_core v0.10.1
[1m[92m    Checking[0m phf v0.13.1
[1m[92m   Compiling[0m string_cache_codegen v0.6.1
[1m[92m   Compiling[0m phf_codegen v0.13.1
[1m[92m    Checking[0m new_debug_unreachable v1.0.6
[1m[92m    Checking[0m typenum v1.20.1
[1m[92m    Checking[0m regex-syntax v0.8.11
[1m[92m    Checking[0m hybrid-array v0.4.15
[1m[92m   Compiling[0m web_atoms v0.2.6
[1m[92m    Checking[0m aho-corasick v1.1.5
[1m[92m    Checking[0m precomputed-hash v0.1.1
[1m[92m    Checking[0m string_cache v0.9.0
[1m[92m    Checking[0m regex-automata v0.4.18
[1m[92m    Checking[0m hex v0.4.3
[1m[92m   Compiling[0m zerocopy v0.8.59
[1m[92m    Checking[0m crypto-common v0.2.2
[1m[92m    Checking[0m block-buffer v0.12.1
[1m[92m   Compiling[0m zerocopy-derive v0.8.59
[1m[92m    Checking[0m cpufeatures v0.3.1
[1m[92m    Checking[0m const-oid v0.10.2
[1m[92m   Compiling[0m vcpkg v0.2.15
[1m[92m   Compiling[0m libsqlite3-sys v0.38.2
[1m[92m    Checking[0m digest v0.11.3
[1m[92m    Checking[0m bit-vec v0.8.0
[1m[92m    Checking[0m bit-set v0.8.0
[1m[92m    Checking[0m hashlink v0.12.2
[1m[92m    Checking[0m fnv v1.0.7
[1m[92m    Checking[0m chacha20 v0.10.2
[1m[92m    Checking[0m regex v1.13.1
[1m[92m   Compiling[0m synstructure v0.14.0
[1m[92m    Checking[0m fallible-iterator v0.3.0
[1m[92m    Checking[0m jiff-core v0.1.1
[1m[92m    Checking[0m fallible-streaming-iterator v0.1.9
[1m[92m    Checking[0m rusqlite v0.40.2
[1m[92m    Checking[0m jiff v0.2.37
[1m[92m    Checking[0m rand v0.10.3
[1m[92m    Checking[0m fancy-regex v0.19.2
[1m[92m    Checking[0m sha1 v0.11.0
[1m[92m    Checking[0m md-5 v0.11.0
[1m[92m    Checking[0m sha2 v0.11.0
[1m[92m    Checking[0m unicode-normalization v0.1.25
[1m[92m    Checking[0m base64 v0.22.1
[1m[92m   Compiling[0m zerofrom-derive v0.1.8
[1m[92m    Checking[0m tempfile v3.27.0
[1m[92m    Checking[0m hydrus-core v0.1.0 (/home/runner/work/hydrus-mine/hydrus-mine/crates/hydrus-core)
[1m[92m   Compiling[0m yoke-derive v0.8.3
[1m[92m    Checking[0m bytemuck v1.25.2
[1m[92m    Checking[0m pin-project-lite v0.2.17
[1m[92m    Checking[0m tendril v0.5.1
[1m[92m    Checking[0m markup5ever v0.39.0
[1m[92m   Compiling[0m crossbeam-utils v0.8.23
[1m[92m    Checking[0m xml5ever v0.39.0
[1m[92m    Checking[0m html5ever v0.39.0
[1m[92m    Checking[0m markup5ever_rcdom v0.39.0+unofficial
[1m[92m    Checking[0m arraydeque v0.5.1
[1m[92m    Checking[0m yaml-rust2 v0.13.0
[1m[92m    Checking[0m hydrus-parse v0.1.0 (/home/runner/work/hydrus-mine/hydrus-mine/crates/hydrus-parse)
[1m[92m    Checking[0m hydrus-legacy v0.1.0 (/home/runner/work/hydrus-mine/hydrus-mine/crates/hydrus-legacy)
[1m[92m    Checking[0m xattr v1.6.1
[1m[92m    Checking[0m filetime v0.2.29
[1m[92m    Checking[0m tar v0.4.46
[1m[92m    Checking[0m hydrus-testkit v0.1.0 (/home/runner/work/hydrus-mine/hydrus-mine/crates/hydrus-testkit)
[1m[92m   Compiling[0m crossbeam-epoch v0.9.21
[1m[92m    Checking[0m stable_deref_trait v1.2.1
[1m[92m    Checking[0m zerofrom v0.1.8
[1m[92m    Checking[0m yoke v0.8.3
[1m[92m   Compiling[0m crossbeam-deque v0.8.8
[1m[92m    Checking[0m tracing-core v0.1.36
[1m[92m   Compiling[0m zerovec-derive v0.11.6
[1m[92m   Compiling[0m displaydoc v0.2.7
[1m[92m   Compiling[0m version_check v0.9.5
[1m[92m   Compiling[0m tracing-attributes v0.1.31
[1m[92m   Compiling[0m rayon-core v1.13.0
[1m[92m    Checking[0m tracing v0.1.44
[1m[92m    Checking[0m miniz_oxide v0.8.9
[1m[92m    Checking[0m fdeflate v0.3.7
[1m[92m   Compiling[0m rustversion v1.0.23
[1m[92m    Checking[0m arrayvec v0.7.8
[1m[92m    Checking[0m png v0.18.1
[1m[92m    Checking[0m either v1.18.0
[1m[92m    Checking[0m byteorder v1.5.0
[1m[92m   Compiling[0m cmake v0.1.58
[1m[92m   Compiling[0m dunce v1.0.5
[1m[92m   Compiling[0m anyhow v1.0.104
[1m[92m    Checking[0m rayon v1.12.0
[1m[92m    Checking[0m iana-time-zone v0.1.65
[1m[92m    Checking[0m chrono v0.4.45
[1m[92m    Checking[0m base64 v0.23.1
[1m[92m    Checking[0m polycool v0.4.0
[1m[92m    Checking[0m memmap2 v0.9.11
[1m[92m    Checking[0m float-cmp v0.9.0
[1m[92m    Checking[0m futures-core v0.3.34
[1m[92m    Checking[0m strict-num v0.1.1
[1m[92m    Checking[0m kurbo v0.13.1
[1m[92m    Checking[0m font-types v0.12.5
[1m[92m    Checking[0m alloc-no-stdlib v2.0.4
[1m[92m    Checking[0m arrayref v0.3.9
[1m[92m    Checking[0m alloc-stdlib v0.2.4
[1m[92m    Checking[0m read-fonts v0.41.0
[1m[92m    Checking[0m euclid v0.22.14
[1m[92m    Checking[0m brotli-decompressor v5.0.3
[1m[92m   Compiling[0m slotmap v1.1.1
[1m[92m    Checking[0m linebender_resource_handle v0.1.1
[1m[92m    Checking[0m zune-core v0.5.3
[1m[92m    Checking[0m zune-jpeg v0.5.15
[1m[92m    Checking[0m brotli v8.0.4
[1m[92m    Checking[0m slab v0.4.12
[1m[92m   Compiling[0m icu_properties_data v2.3.0
[1m[92m    Checking[0m urlencoding v2.1.3
[1m[92m   Compiling[0m thiserror v1.0.69
[1m[92m    Checking[0m trash v5.2.9
[1m[92m    Checking[0m skrifa v0.44.0
[1m[92m    Checking[0m roaring v0.11.3
[1m[92m    Checking[0m arc-swap v1.9.2
[1m[92m    Checking[0m crossbeam-channel v0.5.17
[1m[92m    Checking[0m fs4 v0.13.1
[1m[92m   Compiling[0m thiserror-impl v1.0.69
[1m[92m    Checking[0m roxmltree v0.20.0
[1m[92m    Checking[0m pxfm v0.1.30
[1m[92m   Compiling[0m icu_normalizer_data v2.3.0
[1m[92m    Checking[0m byteorder-lite v0.1.0
[1m[92m   Compiling[0m getrandom v0.3.4
[1m[92m    Checking[0m fontconfig-parser v0.5.8
[1m[92m    Checking[0m harfrust v0.12.0
[1m[92m    Checking[0m tiny-skia-path v0.12.0
[1m[92m    Checking[0m zerovec v0.11.8
[1m[92m    Checking[0m half v2.7.1
[1m[92m    Checking[0m writeable v0.6.4
[1m[92m    Checking[0m weezl v0.1.12
[1m[92m    Checking[0m quick-error v2.0.1
[1m[92m    Checking[0m fontdb v0.24.0
[1m[92m    Checking[0m moxcms v0.8.1
[1m[92m    Checking[0m hydrus-store v0.1.0 (/home/runner/work/hydrus-mine/hydrus-mine/crates/hydrus-store)
[1m[92m    Checking[0m svgtypes v0.16.1
[1m[92m    Checking[0m roxmltree v0.21.1
[1m[92m    Checking[0m simplecss v0.2.2
[1m[92m    Checking[0m data-url v0.3.2
[1m[92m    Checking[0m unicode-bidi v0.3.18
[1m[92m    Checking[0m unicode-script v0.5.8
[1m[92m    Checking[0m unicode-vo v0.1.0
[1m[92m    Checking[0m color_quant v1.1.0
[1m[92m    Checking[0m xmlwriter v0.1.0
[1m[92m    Checking[0m pico-args v0.5.0
[1m[92m    Checking[0m imagesize v0.15.0
[1m[92m    Checking[0m usvg v0.48.1
[1m[92m    Checking[0m gif v0.14.2
[1m[92m    Checking[0m image-webp v0.2.4
[1m[92m    Checking[0m tiny-skia v0.12.0
[1m[92m    Checking[0m rgb v0.8.53
[1m[92m    Checking[0m resvg v0.48.1
[1m[92m    Checking[0m image v0.25.10
[1m[92m    Checking[0m tinystr v0.8.4
[1m[92m    Checking[0m fearless_simd v0.4.1
[1m[92m    Checking[0m litemap v0.8.3
[1m[92m    Checking[0m icu_locale_core v2.3.0
[1m[92m    Checking[0m potential_utf v0.1.6
[1m[92m    Checking[0m zerotrie v0.2.5
[1m[92m    Checking[0m uuid v1.26.1
[1m[92m    Checking[0m errno v0.3.14
[1m[92m    Checking[0m futures-io v0.3.34
[1m[92m    Checking[0m signal-hook-registry v1.4.8
[1m[92m    Checking[0m icu_provider v2.3.1
[1m[92m    Checking[0m color v0.3.3
[1m[92m    Checking[0m font-types v0.11.3
[1m[92m    Checking[0m hayro-ccitt v0.3.0
[1m[92m    Checking[0m hayro-jbig2 v0.3.0
[1m[92m    Checking[0m read-fonts v0.39.2
[1m[92m    Checking[0m peniko v0.6.1
[1m[92m   Compiling[0m turbojpeg-sys v1.2.0
[1m[92m    Checking[0m hayro-jpeg2000 v0.3.5
[1m[92m    Checking[0m guillotiere v0.7.0
[1m[92m   Compiling[0m lcms2-sys v4.0.7
[1m[92m    Checking[0m rustc-hash v2.1.3
[1m[92m    Checking[0m utf8_iter v1.0.4
[1m[92m    Checking[0m futures-sink v0.3.34
[1m[92m    Checking[0m hayro-postscript v0.1.0
[1m[92m    Checking[0m hayro-cmap v0.1.0
[1m[92m    Checking[0m icu_collections v2.3.0
[1m[92m    Checking[0m hayro-syntax v0.7.2
[1m[92m    Checking[0m vello_common v0.0.8
[1m[92m    Checking[0m skrifa v0.42.1
[1m[92m   Compiling[0m foreign-types-macros v0.2.4
[1m[92m    Checking[0m bytes v1.12.1
[1m[92m    Checking[0m percent-encoding v2.3.2
[1m[92m    Checking[0m time-core v0.1.9
[1m[92m    Checking[0m powerfmt v0.2.0
[1m[92m    Checking[0m deranged v0.5.8
[1m[92m    Checking[0m num-conv v0.2.2
[1m[92m    Checking[0m foreign-types-shared v0.3.1
[1m[92m    Checking[0m crc-catalog v2.5.0
[1m[92m    Checking[0m crc v3.4.0
[1m[92m    Checking[0m foreign-types v0.5.0
[1m[92m    Checking[0m time v0.3.55
[1m[92m    Checking[0m hayro-interpret v0.7.0
[1m[92m    Checking[0m vello_cpu v0.0.8
[1m[92m    Checking[0m pic-scale v0.7.12
[1m[92m    Checking[0m quick-xml v0.42.0
[1m[92m    Checking[0m web-time v1.1.0
[1m[92m    Checking[0m typed-path v0.12.3
[1m[92m    Checking[0m gcd v2.3.0
[1m[92m    Checking[0m fax v0.2.7
[1m[92m    Checking[0m tiff v0.11.3
[1m[92m    Checking[0m turbojpeg v1.5.1
[1m[92m    Checking[0m zip v8.6.0
[1m[92m    Checking[0m cfb v0.15.0
[1m[92m    Checking[0m plist v1.10.1
[1m[92m    Checking[0m hayro v0.7.1
[1m[92m    Checking[0m lcms2 v6.2.0
[1m[92m    Checking[0m lzma-rs v0.3.0
[1m[92m    Checking[0m qoi v0.4.1
[1m[92m    Checking[0m lz4_flex v0.14.0
[1m[92m    Checking[0m icu_properties v2.3.0
[1m[92m    Checking[0m futures-channel v0.3.34
[1m[92m    Checking[0m icu_normalizer v2.3.0
[1m[92m    Checking[0m hydrus-media v0.1.0 (/home/runner/work/hydrus-mine/hydrus-mine/crates/hydrus-media)
[1m[92m    Checking[0m socket2 v0.6.5
[1m[92m    Checking[0m mio v1.2.3
[1m[92m   Compiling[0m futures-macro v0.3.34
[1m[92m   Compiling[0m tokio-macros v2.7.2
[1m[92m    Checking[0m atomic-waker v1.1.2
[1m[92m    Checking[0m futures-task v0.3.34
[1m[92m    Checking[0m futures-util v0.3.34
[1m[92m    Checking[0m tokio v1.53.1
[1m[92m    Checking[0m rand_core v0.9.5
[1m[92m   Compiling[0m fs_extra v1.3.0
[1m[92m   Compiling[0m aws-lc-sys v0.45.0
[1m[92m    Checking[0m http v1.5.0
[1m[92m    Checking[0m form_urlencoded v1.2.2
[1m[92m    Checking[0m ppv-lite86 v0.2.21
[1m[92m   Compiling[0m zstd-sys v2.1.0+zstd.1.5.7
[1m[92m    Checking[0m wait-timeout v0.2.1
[1m[92m    Checking[0m quick-error v1.2.3
[1m[92m    Checking[0m rusty-fork v0.3.1
[1m[92m    Checking[0m rand_chacha v0.9.0
[1m[92m    Checking[0m http-body v1.1.0
[1m[92m    Checking[0m rand_xorshift v0.4.0
[1m[92m    Checking[0m rand v0.9.5
[1m[92m    Checking[0m idna_adapter v1.2.2
[1m[92m   Compiling[0m aws-lc-rs v1.18.1
[1m[92m    Checking[0m unarray v0.1.4
[1m[92m    Checking[0m zeroize v1.9.0
[1m[92m    Checking[0m proptest v1.11.0
[1m[92m    Checking[0m idna v1.1.0
[1m[92m    Checking[0m tokio-util v0.7.19
[1m[92m   Compiling[0m zstd-safe v8.0.0
[1m[92m    Checking[0m tower-service v0.3.3
[1m[92m    Checking[0m url v2.5.8
[1m[92m    Checking[0m rustls-pki-types v1.15.1
[1m[92m   Compiling[0m httparse v1.10.1
[1m[92m    Checking[0m hydrus-search v0.1.0 (/home/runner/work/hydrus-mine/hydrus-mine/crates/hydrus-search)
[1m[92m   Compiling[0m rustls v0.23.45
[1m[92m    Checking[0m tower-layer v0.3.3
[1m[92m    Checking[0m try-lock v0.2.5
[1m[92m    Checking[0m untrusted v0.9.0
[1m[92m    Checking[0m rustls-webpki v0.103.15
[1m[92m    Checking[0m want v0.3.1
[1m[92m    Checking[0m zstd v0.14.0
[1m[92m    Checking[0m h2 v0.4.19
[1m[92m    Checking[0m sync_wrapper v1.0.2
[1m[92m    Checking[0m subtle v2.6.1
[1m[92m    Checking[0m httpdate v1.0.3
[1m[92m    Checking[0m compression-core v0.4.33
[1m[92m    Checking[0m compression-codecs v0.4.44
[1m[92m    Checking[0m hyper v1.11.1
[1m[92m    Checking[0m http-body-util v0.1.5
[1m[92m    Checking[0m hydrus-import v0.1.0 (/home/runner/work/hydrus-mine/hydrus-mine/crates/hydrus-import)
[1m[92m    Checking[0m ipnet v2.12.2
[1m[92m    Checking[0m hyper-util v0.1.21
[1m[92m    Checking[0m async-compression v0.4.49
[1m[92m    Checking[0m tower v0.5.3
[1m[92m   Compiling[0m encoding_rs v0.8.42
[1m[92m    Checking[0m openssl-probe v0.2.1
[1m[92m    Checking[0m rustls-native-certs v0.8.4
[1m[92m    Checking[0m tokio-rustls v0.26.6
[1m[92m    Checking[0m simdutf8 v0.1.5
[1m[92m   Compiling[0m multiversion_no_op v1.0.0
[1m[92m    Checking[0m core_detect v1.0.0
[1m[92m    Checking[0m hyper-rustls v0.27.10
[1m[92m    Checking[0m rustls-platform-verifier v0.7.1
[1m[92m    Checking[0m tower-http v0.6.11
[1m[92m    Checking[0m reqwest v0.13.5
[1m[92m    Checking[0m chardetng v1.0.0
[1m[92m    Checking[0m hydrus-net v0.1.0 (/home/runner/work/hydrus-mine/hydrus-mine/crates/hydrus-net)
[1m[92m    Checking[0m mime v0.3.17
[1m[92m   Compiling[0m heck v0.5.0
[1m[92m    Checking[0m ryu v1.0.23
[1m[92m    Checking[0m serde_urlencoded v0.7.1
[1m[92m    Checking[0m axum-core v0.5.6
[1m[92m    Checking[0m hydrus-download v0.1.0 (/home/runner/work/hydrus-mine/hydrus-mine/crates/hydrus-download)
[1m[92m    Checking[0m serde_path_to_error v0.1.20
[1m[92m   Compiling[0m axum-macros v0.5.1
[1m[92m    Checking[0m matchit v0.8.4
[1m[92m    Checking[0m axum v0.8.9
[1m[92m    Checking[0m libloading v0.8.9
[1m[92m    Checking[0m winnow v1.0.4
[1m[92m    Checking[0m dlib v0.5.3
[1m[92m    Checking[0m ciborium-io v0.2.2
[1m[92m    Checking[0m ciborium-ll v0.2.2
[1m[92m    Checking[0m ciborium v0.2.2
[1m[92m    Checking[0m hydrus-duplicates v0.1.0 (/home/runner/work/hydrus-mine/hydrus-mine/crates/hydrus-duplicates)
[1m[92m   Compiling[0m icu_locale_fallback_data v2.3.0
[1m[92m    Checking[0m hydrus-downloader-exchange v0.1.0 (/home/runner/work/hydrus-mine/hydrus-mine/crates/hydrus-downloader-exchange)
[1m[92m   Compiling[0m toml_parser v1.1.3+spec-1.1.0
[1m[92m   Compiling[0m wayland-sys v0.31.11
[1m[92m   Compiling[0m toml_datetime v1.1.1+spec-1.1.0
[1m[92m   Compiling[0m toml_writer v1.1.2+spec-1.1.0
[1m[92m   Compiling[0m icu_decimal_data v2.3.0
[1m[92m   Compiling[0m toml_edit v0.25.15+spec-1.1.0
[1m[92m   Compiling[0m wayland-backend v0.3.17
[1m[92m   Compiling[0m unicode-segmentation v1.13.3
[1m[92m   Compiling[0m convert_case v0.10.0
[1m[92m   Compiling[0m proc-macro-crate v3.5.0
[1m[92m   Compiling[0m memoffset v0.9.1
[1m[92m    Checking[0m downcast-rs v1.2.1
[1m[92m   Compiling[0m pulldown-cmark v0.13.4
[1m[92m    Checking[0m scoped-tls v1.0.1
[1m[92m   Compiling[0m unicode-xid v0.2.6
[1m[92m   Compiling[0m derive_more-impl v2.1.1
[1m[92m   Compiling[0m quick-xml v0.41.0
[1m[92m    Checking[0m tower-http v0.7.1
[1m[92m   Compiling[0m wayland-client v0.31.15
[1m[92m   Compiling[0m wayland-scanner v0.31.11
[1m[92m    Checking[0m parking v2.2.1
[1m[92m    Checking[0m hydrus-api v0.1.0 (/home/runner/work/hydrus-mine/hydrus-mine/crates/hydrus-api)
[1m[92m   Compiling[0m yeslogic-fontconfig-sys v6.0.1
[1m[92m   Compiling[0m strum_macros v0.28.0
[1m[92m    Checking[0m polling v3.11.0
[1m[92m    Checking[0m serde_spanned v1.1.1
[1m[92m    Checking[0m toml v1.1.6+spec-1.1.0
[1m[92m   Compiling[0m icu_locale_fallback v2.3.0
[1m[92m   Compiling[0m fixed_decimal v0.7.2
[1m[92m   Compiling[0m enumflags2_derive v0.7.12
[1m[92m   Compiling[0m parlance v0.1.0
[1m[92m   Compiling[0m semver v1.0.28
[1m[92m   Compiling[0m unicase v2.9.0
[1m[92m   Compiling[0m rustc_version v0.4.1
[1m[92m   Compiling[0m fontique v0.11.1
[1m[92m   Compiling[0m icu_decimal v2.3.0
[1m[92m   Compiling[0m zvariant_utils v4.2.0
[1m[92m    Checking[0m wayland-protocols v0.32.13
[1m[92m    Checking[0m event-listener v5.4.2
[1m[92m   Compiling[0m derive_more v2.1.1
[1m[92m    Checking[0m concurrent-queue v2.5.0
[1m[92m   Compiling[0m rustix v0.38.44
[1m[92m   Compiling[0m cfg_aliases v0.2.2
[1m[92m   Compiling[0m htmlparser v0.2.1
[1m[92m    Checking[0m utf8parse v0.2.2
[1m[92m    Checking[0m anstyle-parse v1.0.0
[1m[92m   Compiling[0m i-slint-common v1.18.1
[1m[92m    Checking[0m event-listener-strategy v0.5.4
[1m[92m   Compiling[0m zvariant_derive v5.15.0
[1m[92m   Compiling[0m field-offset v0.3.6
[1m[92m    Checking[0m futures-lite v2.6.1
[1m[92m    Checking[0m anstyle-query v1.1.5
[1m[92m    Checking[0m colorchoice v1.0.5
[1m[92m   Compiling[0m icu_segmenter_data v2.3.0
[1m[92m    Checking[0m is_terminal_polyfill v1.70.2
[1m[92m    Checking[0m anstyle v1.0.14
[1m[92m    Checking[0m linux-raw-sys v0.4.15
[1m[92m    Checking[0m anstream v1.0.0
[1m[92m   Compiling[0m lyon_geom v1.0.19
[1m[92m    Checking[0m wayland-protocols-wlr v0.3.12
[1m[92m   Compiling[0m snafu-derive v0.8.9
[1m[92m   Compiling[0m async-io v2.6.0
[1m[92m   Compiling[0m rspolib v0.1.2
[1m[92m   Compiling[0m unicode-width v0.2.2
[1m[92m    Checking[0m clap_lex v1.1.1
[1m[92m    Checking[0m foldhash v0.1.5
[1m[92m    Checking[0m strsim v0.11.1
[1m[92m    Checking[0m as-raw-xcb-connection v1.0.1
[1m[92m    Checking[0m clap_builder v4.6.7
[1m[92m    Checking[0m hashbrown v0.15.5
[1m[92m    Checking[0m lyon_path v1.0.19
[1m[92m   Compiling[0m snafu v0.8.9
[1m[92m    Checking[0m calloop v0.13.0
[1m[92m   Compiling[0m enumflags2 v0.7.12
[1m[92m   Compiling[0m zcheapstr v1.1.0
[1m[92m   Compiling[0m num_enum_derive v0.7.6
[1m[92m   Compiling[0m clap_derive v4.6.7
[1m[92m    Checking[0m gethostname v1.1.0
[1m[92m   Compiling[0m const-field-offset-macro v0.2.1
[1m[92m   Compiling[0m yazi v0.2.1
[1m[92m    Checking[0m async-task v4.7.1
[1m[92m   Compiling[0m endi v1.1.1
[1m[92m    Checking[0m x11rb-protocol v0.13.2
[1m[92m   Compiling[0m lazy_static v1.5.0
[1m[92m   Compiling[0m countme v3.0.1
[1m[92m    Checking[0m xcursor v0.3.11
[1m[92m   Compiling[0m smithay-client-toolkit v0.19.2
[1m[92m   Compiling[0m natord v1.0.9
[1m[92m    Checking[0m allocator-api2 v0.2.21
[1m[92m   Compiling[0m i-slint-compiler v1.18.1
[1m[92m    Checking[0m fixedbitset v0.5.7
[1m[92m   Compiling[0m rustc-hash v1.1.0
[1m[92m    Checking[0m cursor-icon v1.2.0
[1m[92m   Compiling[0m text-size v1.1.1
[1m[92m   Compiling[0m zeno v0.3.3
[1m[92m   Compiling[0m unicode-linebreak v0.1.5
[1m[92m    Checking[0m ttf-parser v0.25.1
[1m[92m   Compiling[0m hashbrown v0.14.5
[1m[92m    Checking[0m xkeysym v0.2.1
[1m[92m   Compiling[0m rowan v0.17.0
[1m[92m    Checking[0m owned_ttf_parser v0.25.1
[1m[92m   Compiling[0m swash v0.2.10
[1m[92m    Checking[0m wayland-csd-frame v0.3.0
[1m[92m    Checking[0m petgraph v0.8.3
[1m[92m    Checking[0m hashbrown v0.16.1
[1m[92m   Compiling[0m annotate-snippets v0.12.16
[1m[92m    Checking[0m wayland-cursor v0.31.14
[1m[92m    Checking[0m x11rb v0.13.2
[1m[92m   Compiling[0m zvariant v5.15.0
[1m[92m    Checking[0m const-field-offset v0.2.1
[1m[92m    Checking[0m clap v4.6.7
[1m[92m   Compiling[0m num_enum v0.7.6
[1m[92m   Compiling[0m lyon_extra v1.1.0
[1m[92m    Checking[0m calloop-wayland-source v0.3.0
[1m[92m    Checking[0m icu_segmenter v2.3.0
[1m[92m   Compiling[0m itertools v0.15.0
[1m[92m    Checking[0m async-channel v2.5.0
[1m[92m   Compiling[0m strum v0.28.0
[1m[92m    Checking[0m parley_data v0.11.1
[1m[92m    Checking[0m tiny-skia-path v0.11.4
[1m[92m   Compiling[0m ahash v0.8.12
[1m[92m    Checking[0m nom v8.0.0
[1m[92m   Compiling[0m x11-dl v2.21.0
[1m[92m   Compiling[0m tiny-xlib v0.2.5
[1m[92m   Compiling[0m pin-project-internal v1.1.13
[1m[92m   Compiling[0m vtable-macro v0.5.0
[1m[92m   Compiling[0m smol_str v0.3.2
[1m[92m    Checking[0m raw-window-handle v0.6.2
[1m[92m   Compiling[0m pin-utils v0.1.0
[1m[92m    Checking[0m ab_glyph_rasterizer v0.1.10
[1m[92m   Compiling[0m by_address v1.2.1
[1m[92m   Compiling[0m typed-index-collections v3.3.0
[1m[92m    Checking[0m ab_glyph v0.2.32
[1m[92m   Compiling[0m spin_on v0.1.1
[1m[92m    Checking[0m vtable v0.5.0
[1m[92m    Checking[0m pin-project v1.1.13
[1m[92m    Checking[0m tree_magic_mini v3.2.2
[1m[92m    Checking[0m tiny-skia v0.11.4
[1m[92m    Checking[0m parley v0.11.1
[1m[92m    Checking[0m async-signal v0.2.14
[1m[92m   Compiling[0m zbus_names v4.3.4
[1m[92m    Checking[0m clru v0.6.3
[1m[92m   Compiling[0m i-slint-core-macros v1.18.1
[1m[92m    Checking[0m lyon_algorithms v1.0.21
[1m[92m    Checking[0m async-lock v3.4.2
[1m[92m   Compiling[0m winit v0.30.13
[1m[92m    Checking[0m piper v0.2.5
[1m[92m    Checking[0m taffy v0.10.1
[1m[92m    Checking[0m os_pipe v1.2.3
[1m[92m    Checking[0m sys-locale v0.3.2
[1m[92m    Checking[0m pin-weak v1.1.0
[1m[92m    Checking[0m ctor v0.10.1
[1m[92m    Checking[0m i-slint-core v1.18.1
[1m[92m    Checking[0m wl-clipboard-rs v0.9.4
[1m[92m    Checking[0m blocking v1.7.0
[1m[92m    Checking[0m async-process v2.5.0
[1m[92m   Compiling[0m zbus_macros v5.19.0
[1m[92m    Checking[0m sctk-adwaita v0.10.1
[1m[92m    Checking[0m xkbcommon-dl v0.4.2
[1m[92m    Checking[0m async-executor v1.14.0
[1m[92m    Checking[0m async-broadcast v0.7.2
[1m[92m   Compiling[0m i-slint-backend-winit v1.18.1
[1m[92m    Checking[0m wayland-protocols-plasma v0.3.12
[1m[92m    Checking[0m futures-executor v0.3.34
[1m[92m    Checking[0m ordered-stream v0.2.0
[1m[92m   Compiling[0m async-recursion v1.1.1
[1m[92m   Compiling[0m async-trait v0.1.92
[1m[92m   Compiling[0m serde_repr v0.1.21
[1m[92m    Checking[0m smol_str v0.2.2
[1m[92m    Checking[0m dpi v0.1.2
[1m[92m    Checking[0m zbus v5.19.0
[1m[92m    Checking[0m futures v0.3.34
[1m[92m    Checking[0m arboard v3.6.1
[1m[92m    Checking[0m softbuffer v0.4.8
[1m[92m    Checking[0m i-slint-renderer-software v1.18.1
[1m[92m   Compiling[0m i-slint-backend-selector v1.18.1
[1m[92m    Checking[0m webbrowser v1.2.4
[1m[92m    Checking[0m num-integer v0.1.47
[1m[92m   Compiling[0m alloca v0.4.0
[1m[92m    Checking[0m imgref v1.12.3
[1m[92m    Checking[0m plotters-backend v0.3.7
[1m[92m    Checking[0m scoped-tls-hkt v0.1.5
[1m[92m    Checking[0m plotters-svg v0.3.7
[1m[92m    Checking[0m num-bigint v0.4.8
[1m[92m   Compiling[0m slint-build v1.18.1
[1m[92m    Checking[0m itertools v0.13.0
[1m[92m    Checking[0m same-file v1.0.6
[1m[92m    Checking[0m cast v0.3.0
[1m[92m    Checking[0m criterion-plot v0.8.2
[1m[92m    Checking[0m walkdir v2.5.0
[1m[92m   Compiling[0m hydrus-gui-ui v0.1.0 (/home/runner/work/hydrus-mine/hydrus-mine/crates/hydrus-gui-ui)
[1m[92m    Checking[0m plotters v0.3.7
[1m[92m   Compiling[0m slint-macros v1.18.1
[1m[92m    Checking[0m tinytemplate v1.2.1
[1m[92m    Checking[0m page_size v0.6.0
[1m[92m    Checking[0m anes v0.1.6
[1m[92m    Checking[0m oorandom v11.1.5
[1m[92m   Compiling[0m rfd v0.17.2
[1m[92m    Checking[0m criterion v0.8.2
[1m[92m    Checking[0m slint v1.18.1
[1m[92m    Checking[0m hydrus-gui-model v0.1.0 (/home/runner/work/hydrus-mine/hydrus-mine/crates/hydrus-gui-model)
[1m[92m    Checking[0m pollster v0.4.0
[1m[92m    Checking[0m sharded-slab v0.1.7
[1m[92m    Checking[0m tracing-log v0.2.0
[1m[92m    Checking[0m matchers v0.2.0
[1m[92m    Checking[0m thread_local v1.1.10
[1m[92m    Checking[0m nu-ansi-term v0.50.3
[1m[92m    Checking[0m tracing-subscriber v0.3.23
[1m[92m    Checking[0m hydrus-gui v0.1.0 (/home/runner/work/hydrus-mine/hydrus-mine/crates/hydrus-gui)
[1m[92m    Checking[0m hydrus-cli v0.1.0 (/home/runner/work/hydrus-mine/hydrus-mine/crates/hydrus-cli)
[1m[92m    Checking[0m xtask v0.1.0 (/home/runner/work/hydrus-mine/hydrus-mine/xtask)
[1m[92m    Finished[0m `dev` profile [unoptimized + debuginfo] target(s) in 26m 24s
