v688, 2026-10-07 03:20:07: hydrus client started
v688, 2026-10-07 03:20:07: booting controller…
v688, 2026-10-07 03:20:07: This plugin does not support propagateSizeHints()
v688, 2026-10-07 03:20:07: This plugin does not support raise()
v688, 2026-10-07 03:20:07: booting db…
v688, 2026-10-07 03:20:07: checking database
v688, 2026-10-07 03:20:08: initialising managers
v688, 2026-10-07 03:20:08: booting gui…
v688, 2026-10-07 03:20:08: starting services…
v688, 2026-10-07 03:20:08: Could not bind to IPv6:
v688, 2026-10-07 03:20:08: Couldn't listen on ::1:45901: [Errno 1] Operation not permitted.
v688, 2026-10-07 03:20:08: Could not start "client api":
v688, 2026-10-07 03:20:08: 
================ Exception ================
CannotListenError: Couldn't listen on 127.0.0.1:45901: [Errno 1] Operation not permitted.
================ Traceback ================
Traceback (most recent call last):
  File "/workspace/.cloud/hydrus/pyenv/lib/python3.13/site-packages/twisted/internet/tcp.py", line 1356, in startListening
    skt = self.createInternetSocket()
  File "/workspace/.cloud/hydrus/pyenv/lib/python3.13/site-packages/twisted/internet/tcp.py", line 1341, in createInternetSocket
    s = base.BasePort.createInternetSocket(self)
  File "/workspace/.cloud/hydrus/pyenv/lib/python3.13/site-packages/twisted/internet/base.py", line 1327, in createInternetSocket
    s = socket.socket(self.addressFamily, self.socketType)
  File "/workspace/.cloud/python/cpython-3.13.15-linux-x86_64-gnu/lib/python3.13/socket.py", line 233, in __init__
    _socket.socket.__init__(self, family, type, proto, fileno)
    ~~~~~~~~~~~~~~~~~~~~~~~^^^^^^^^^^^^^^^^^^^^^^^^^^^^^^^^^^^
PermissionError: [Errno 1] Operation not permitted

During handling of the above exception, another exception occurred:

Traceback (most recent call last):
  File "/workspace/hydrus-mine/hydrus/client/ClientController.py", line 2277, in StartServices
    ipv4_port = reactor.listenTCP( port, http_factory, interface = ipv4_interface )
  File "/workspace/.cloud/hydrus/pyenv/lib/python3.13/site-packages/twisted/internet/posixbase.py", line 366, in listenTCP
    p.startListening()
    ~~~~~~~~~~~~~~~~^^
  File "/workspace/.cloud/hydrus/pyenv/lib/python3.13/site-packages/twisted/internet/tcp.py", line 1363, in startListening
    raise CannotListenError(self.interface, self.port, le)
twisted.internet.error.CannotListenError: Couldn't listen on 127.0.0.1:45901: [Errno 1] Operation not permitted.
================== Stack ==================
  File "/workspace/.cloud/python/cpython-3.13.15-linux-x86_64-gnu/lib/python3.13/threading.py", line 1015, in _bootstrap
    self._bootstrap_inner()
  File "/workspace/.cloud/python/cpython-3.13.15-linux-x86_64-gnu/lib/python3.13/threading.py", line 1044, in _bootstrap_inner
    self.run()
  File "/workspace/.cloud/python/cpython-3.13.15-linux-x86_64-gnu/lib/python3.13/threading.py", line 995, in run
    self._target(*self._args, **self._kwargs)
  File "/workspace/.cloud/hydrus/pyenv/lib/python3.13/site-packages/twisted/internet/base.py", line 686, in run
    self.mainLoop()
  File "/workspace/.cloud/hydrus/pyenv/lib/python3.13/site-packages/twisted/internet/base.py", line 694, in mainLoop
    self.runUntilCurrent()
  File "/workspace/.cloud/hydrus/pyenv/lib/python3.13/site-packages/twisted/internet/base.py", line 1053, in runUntilCurrent
    f(*a, **kw)
  File "/workspace/.cloud/hydrus/pyenv/lib/python3.13/site-packages/twisted/internet/threads.py", line 140, in _callFromThread
    result = defer.maybeDeferred(f, *a, **kw)
  File "/workspace/.cloud/hydrus/pyenv/lib/python3.13/site-packages/twisted/internet/defer.py", line 205, in maybeDeferred
    result = f(*args, **kwargs)
  File "/workspace/hydrus-mine/hydrus/client/ClientController.py", line 2343, in TWISTEDDoIt
    StartServices()
  File "/workspace/hydrus-mine/hydrus/client/ClientController.py", line 2302, in StartServices
    HydrusData.ShowException( e )
  File "/workspace/hydrus-mine/hydrus/client/ClientData.py", line 134, in ShowExceptionClient
    ShowExceptionTupleClient( etype, value, tb, do_wait = do_wait )
  File "/workspace/hydrus-mine/hydrus/client/ClientData.py", line 144, in ShowExceptionTupleClient
    HydrusData.PrintExceptionTuple( etype, value, tb, do_wait = False )
  File "/workspace/hydrus-mine/hydrus/core/HydrusData.py", line 369, in PrintExceptionTuple
    message = ConvertExceptionTupleToNiceTrace( etype, value, tb )
  File "/workspace/hydrus-mine/hydrus/core/HydrusData.py", line 328, in ConvertExceptionTupleToNiceTrace
    stack_list = traceback.format_stack()
=================== End ===================
v688, 2026-10-07 03:20:09: services started
v688, 2026-10-07 03:20:14: doing fast shutdown…
v688, 2026-10-07 03:20:15: shutting down controller…
v688, 2026-10-07 03:20:15: hydrus client shut down
