{
  "reference": {
    "nodes": 1812,
    "source_anchors": 5918,
    "statuses": {
      "partial": 385,
      "first_pass": 976,
      "missing": 451
    },
    "audit": {
      "weak_first_pass": []
    }
  },
  "native": {
    "nodes": 1799,
    "source_anchors": 4052,
    "statuses": {
      "partial": 860,
      "first_pass": 850,
      "missing": 89
    },
    "audit": {
      "weak_first_pass": [],
      "exported_window_count": 121,
      "opaque_native_windows": [],
      "unassessed_nodes": [],
      "catch_all_nodes": []
    }
  }
}
