   Compiling proc-macro2 v1.0.107
   Compiling quote v1.0.47
   Compiling unicode-ident v1.0.26
   Compiling syn v3.0.6
   Compiling libc v0.2.189
   Compiling cfg-if v1.0.5
   Compiling bytemuck_derive v1.12.1
   Compiling bytemuck v1.25.2
   Compiling smallvec v1.16.2
   Compiling bitflags v2.13.2
   Compiling simd-adler32 v0.3.10
   Compiling crc32fast v1.5.2
   Compiling memchr v2.8.3
   Compiling adler2 v2.0.1
   Compiling siphasher v1.0.4
   Compiling jobserver v0.1.35
   Compiling find-msvc-tools v0.1.14
   Compiling shlex v2.0.1
   Compiling cc v1.5.1
   Compiling miniz_oxide v0.9.1
   Compiling zlib-rs v0.6.8
   Compiling flate2 v1.1.10
   Compiling syn v2.0.119
   Compiling phf_shared v0.13.1
   Compiling foldhash v0.2.0
   Compiling autocfg v1.5.1
   Compiling num-traits v0.2.19
   Compiling hashbrown v0.17.1
   Compiling fastrand v2.5.0
   Compiling arrayvec v0.7.8
   Compiling phf_generator v0.13.1
   Compiling polycool v0.4.0
   Compiling pkg-config v0.3.34
   Compiling kurbo v0.13.1
   Compiling log v0.4.34
   Compiling typenum v1.20.1
   Compiling hybrid-array v0.4.15
   Compiling miniz_oxide v0.8.9
   Compiling fdeflate v0.3.7
   Compiling fearless_simd v0.4.1
   Compiling once_cell v1.21.4
   Compiling png v0.18.1
   Compiling synstructure v0.14.0
   Compiling rand_core v0.10.1
   Compiling crossbeam-utils v0.8.23
   Compiling rustix v1.1.5
   Compiling version_check v0.9.5
   Compiling thiserror v2.0.21
   Compiling equivalent v1.0.2
   Compiling parking_lot_core v0.9.12
   Compiling serde_core v1.0.229
   Compiling anyhow v1.0.104
   Compiling alloc-no-stdlib v2.0.4
   Compiling getrandom v0.4.3
   Compiling alloc-stdlib v0.2.4
   Compiling indexmap v2.14.2
   Compiling slotmap v1.1.1
   Compiling crypto-common v0.2.2
   Compiling block-buffer v0.12.1
   Compiling phf_macros v0.13.1
   Compiling font-types v0.12.5
   Compiling thiserror-impl v2.0.21
   Compiling crossbeam-epoch v0.9.21
   Compiling linux-raw-sys v0.12.1
   Compiling scopeguard v1.2.0
   Compiling zune-core v0.5.3
   Compiling vcpkg v0.2.15
   Compiling zmij v1.0.23
   Compiling cpufeatures v0.3.1
   Compiling pxfm v0.1.30
   Compiling tinyvec v1.13.3
   Compiling float-cmp v0.9.0
   Compiling const-oid v0.10.2
   Compiling digest v0.11.3
   Compiling strict-num v0.1.1
   Compiling libsqlite3-sys v0.38.2
   Compiling zune-jpeg v0.5.15
   Compiling lock_api v0.4.14
   Compiling read-fonts v0.41.0
   Compiling phf v0.13.1
   Compiling brotli-decompressor v5.0.3
   Compiling zerofrom-derive v0.1.8
   Compiling euclid v0.22.14
   Compiling string_cache_codegen v0.6.1
   Compiling phf_codegen v0.13.1
   Compiling cmake v0.1.58
   Compiling aho-corasick v1.1.5
   Compiling color v0.3.3
   Compiling font-types v0.11.3
   Compiling linebender_resource_handle v0.1.1
   Compiling crossbeam-deque v0.8.8
   Compiling roxmltree v0.20.0
   Compiling serde_json v1.0.151
   Compiling arrayref v0.3.9
   Compiling regex-syntax v0.8.11
   Compiling zerocopy v0.8.59
   Compiling hayro-ccitt v0.3.0
   Compiling byteorder-lite v0.1.0
   Compiling dunce v1.0.5
   Compiling lcms2-sys v4.0.7
   Compiling hayro-jbig2 v0.3.0
   Compiling regex-automata v0.4.18
   Compiling tiny-skia-path v0.12.0
   Compiling fontconfig-parser v0.5.8
   Compiling peniko v0.6.1
   Compiling read-fonts v0.39.2
   Compiling turbojpeg-sys v1.2.0
   Compiling web_atoms v0.2.6
   Compiling guillotiere v0.7.0
   Compiling zerofrom v0.1.8
   Compiling brotli v8.0.4
   Compiling parking_lot v0.12.5
   Compiling moxcms v0.8.1
   Compiling yoke-derive v0.8.3
   Compiling hayro-jpeg2000 v0.3.5
   Compiling zerocopy-derive v0.8.59
   Compiling memmap2 v0.9.11
   Compiling thiserror v1.0.69
   Compiling new_debug_unreachable v1.0.6
   Compiling rustc-hash v2.1.3
   Compiling itoa v1.0.18
   Compiling stable_deref_trait v1.2.1
   Compiling quick-error v2.0.1
   Compiling rayon-core v1.13.0
   Compiling base64 v0.23.1
   Compiling bit-vec v0.8.0
   Compiling weezl v0.1.12
   Compiling precomputed-hash v0.1.1
   Compiling hayro-postscript v0.1.0
   Compiling serde v1.0.229
   Compiling hayro-cmap v0.1.0
   Compiling string_cache v0.9.0
   Compiling bit-set v0.8.0
   Compiling yoke v0.8.3
   Compiling hayro-syntax v0.7.2
   Compiling fontdb v0.24.0
   Compiling vello_common v0.0.8
   Compiling skrifa v0.42.1
   Compiling skrifa v0.44.0
   Compiling harfrust v0.12.0
   Compiling xattr v1.6.1
   Compiling chacha20 v0.10.2
   Compiling simplecss v0.2.2
   Compiling svgtypes v0.16.1
   Compiling hashlink v0.12.2
   Compiling thiserror-impl v1.0.69
   Compiling roxmltree v0.21.1
   Compiling filetime v0.2.29
   Compiling serde_derive v1.0.229
   Compiling foreign-types-macros v0.2.4
   Compiling num-conv v0.2.2
   Compiling jiff-core v0.1.1
   Compiling powerfmt v0.2.0
   Compiling time-core v0.1.9
   Compiling pico-args v0.5.0
   Compiling foreign-types-shared v0.3.1
   Compiling crc-catalog v2.5.0
   Compiling data-url v0.3.2
   Compiling color_quant v1.1.0
   Compiling fallible-iterator v0.3.0
   Compiling unicode-bidi v0.3.18
   Compiling deranged v0.5.8
   Compiling unicode-script v0.5.8
   Compiling fallible-streaming-iterator v0.1.9
   Compiling unicode-vo v0.1.0
   Compiling imagesize v0.15.0
   Compiling xmlwriter v0.1.0
   Compiling usvg v0.48.1
   Compiling rusqlite v0.40.2
   Compiling time v0.3.55
   Compiling gif v0.14.2
   Compiling tempfile v3.27.0
   Compiling crc v3.4.0
   Compiling foreign-types v0.5.0
   Compiling jiff v0.2.37
   Compiling tar v0.4.46
   Compiling rand v0.10.3
   Compiling hayro-interpret v0.7.0
   Compiling vello_cpu v0.0.8
   Compiling half v2.7.1
   Compiling fancy-regex v0.19.2
   Compiling image-webp v0.2.4
   Compiling image v0.25.10
   Compiling tiny-skia v0.12.0
   Compiling regex v1.13.1
   Compiling md-5 v0.11.0
   Compiling sha2 v0.11.0
   Compiling sha1 v0.11.0
   Compiling unicode-normalization v0.1.25
   Compiling pic-scale v0.7.12
   Compiling quick-xml v0.42.0
   Compiling rgb v0.8.53
   Compiling gcd v2.3.0
   Compiling byteorder v1.5.0
   Compiling uuid v1.26.1
   Compiling hex v0.4.3
   Compiling either v1.18.0
   Compiling fnv v1.0.7
   Compiling base64 v0.22.1
   Compiling web-time v1.1.0
   Compiling fax v0.2.7
   Compiling typed-path v0.12.3
   Compiling zip v8.6.0
   Compiling tiff v0.11.3
   Compiling cfb v0.15.0
   Compiling hydrus-core v0.1.0 (/workspace/hydrus-mine/crates/hydrus-core)
   Compiling rayon v1.12.0
   Compiling lzma-rs v0.3.0
   Compiling turbojpeg v1.5.1
   Compiling resvg v0.48.1
   Compiling plist v1.10.1
   Compiling hayro v0.7.1
   Compiling lcms2 v6.2.0
   Compiling hydrus-testkit v0.1.0 (/workspace/hydrus-mine/crates/hydrus-testkit)
   Compiling qoi v0.4.1
   Compiling lz4_flex v0.14.0
   Compiling hydrus-media v0.1.0 (/workspace/hydrus-mine/crates/hydrus-media)
    Finished `test` profile [unoptimized + debuginfo] target(s) in 9m 14s
     Running unittests src/lib.rs (/workspace/hydrus-compile-target/debug/deps/hydrus_media-e59621664e3efec6)

running 67 tests
test animation::tests::frames_are_found_by_time ... ok
test animation::tests::ugoiras_play_with_their_timings_and_loop ... ok
test blurhash::tests::base83_encoding ... ok
test blurhash::tests::flat_colours_match_reference ... ok
test animation::tests::stored_loop_counts_match_real_qt_animation_metadata ... ok
test detect::tests::header_rules ... ok
test encode::tests::animations_keep_their_frames_and_merge_repeats ... ok
test encode::tests::jpeg_drops_alpha ... ok
test encode::tests::png_round_trips_exactly ... ok
test encode::tests::webp_is_lossless ... ok
test blurhash::tests::recovery_pixels_and_invalid_inputs_match_actual_reference_decoder ... ok
test animation::tests::frames_are_seeked_to ... ok
test ffmpeg::parse::tests::frame_counts_and_mappings ... ok
test animation::tests::animated_webp_plays_and_loops ... ok
test ffmpeg::parse::tests::stupid_fps_values_are_dropped ... ok
test formats::apng::tests::detects_actl_near_the_top_only ... ok
test formats::apng::tests::durations ... ok
test formats::archive::tests::dirname_matches_posixpath ... ok
test formats::archive::tests::ugoira_json_validation ... ok
test formats::gif::tests::grey_ramp_palette_is_not_needed ... ok
test ffmpeg::parse::tests::parses_a_typical_mp4 ... ok
test formats::isobmff::tests::finds_the_alpha_plane_of_heif_and_avif_images ... ok
test formats::ole::tests::property_parsing ... ok
test formats::pdf::tests::text_strings_decode ... ok
test formats::pdf::tests::words_are_counted_like_the_reference ... ok
test formats::pdn::tests::base64 ... ok
test formats::svg::tests::sizes ... ok
test formats::update::tests::lz4_fallback ... ok
test formats::update::tests::recognises_updates ... ok
test formats::webp::tests::chunk_walk_handles_padding_and_truncation ... ok
test formats::webp::tests::opaque_reader_preserves_payload_duration_disposal_and_file_bytes_across_seeks ... ok
test hashes::tests::known_vectors ... ok
test hashes::tests::streaming_matches_one_shot ... ok
test imaging::cv::tests::flat_images_stay_flat ... ok
test imaging::cv::tests::grey_weights ... ok
test imaging::cv::tests::identity_and_shapes ... ok
test imaging::cvx::tests::kernels_sum_to_one ... ok
test imaging::cvx::tests::reflect_101 ... ok
test imaging::decode::tests::png_bit_unpacking ... ok
test imaging::decode::tests::sniffing ... ok
test imaging::exif::tests::garbage_is_empty ... ok
test imaging::exif::tests::reads_orientation_both_endians ... ok
test imaging::exif::tests::xmp_orientation_fallback ... ok
test imaging::icc::tests::generated_profile_is_loadable ... ok
test imaging::icc::tests::srgb_to_srgb_is_near_identity ... ok
test imaging::icc::tests::untransformable_modes_are_left_alone ... ok
test imaging::metadata::tests::iptc_blocks ... ok
test imaging::metadata::tests::software_comments ... ok
test imaging::metadata::tests::xmp_packets ... ok
test imaging::pil::tests::cmyk_conversion_matches_pillow_formula ... ok
test imaging::pil::tests::transposes_match_pil ... ok
test imaging::resample::tests::coefficients_sum_to_one_in_fixed_point ... ok
test imaging::resample::tests::flat_images_stay_flat ... ok
test imaging::tests::useful_alpha_needs_enough_interesting_pixels ... ok
test mimes::tests::groups_match_reference_implementation ... ok
test mimes::tests::image_extensions ... ok
test phash::tests::flat_image_is_blank ... ok
test text::tests::human_sort_orders_numbers_by_value ... ok
test text::tests::json_detection ... ok
test text::tests::splitlines_matches_python ... ok
test thumbnail::tests::default_thumbnails_have_the_target_size ... ok
test thumbnail::tests::resolution_examples ... ok
test tools::tests::software_comments ... ok
test tools::tests::video_frame_index ... ok
test formats::webp::tests::alpha_bearing_and_incomplete_or_contradictory_containers_are_not_rewritten ... ok
test ffmpeg::deadline_tests::version_deadline_is_captured_once_and_explicit_fixed_configuration_wins ... ok
test ffmpeg::deadline_tests::actual_metadata_timeout_kills_and_reaps_the_admitted_child ... ok

test result: ok. 67 passed; 0 failed; 0 ignored; 0 measured; 0 filtered out; finished in 1.01s

