
running 67 tests
test animation::tests::frames_are_found_by_time ... ok
test animation::tests::ugoiras_play_with_their_timings_and_loop ... ok
test blurhash::tests::base83_encoding ... ok
test blurhash::tests::flat_colours_match_reference ... ok
test animation::tests::stored_loop_counts_match_real_qt_animation_metadata ... ok
test detect::tests::header_rules ... ok
test encode::tests::animations_keep_their_frames_and_merge_repeats ... ok
test encode::tests::jpeg_drops_alpha ... ok
test encode::tests::png_round_trips_exactly ... ok
test encode::tests::webp_is_lossless ... ok
test animation::tests::frames_are_seeked_to ... ok
test blurhash::tests::recovery_pixels_and_invalid_inputs_match_actual_reference_decoder ... ok
test ffmpeg::parse::tests::frame_counts_and_mappings ... ok
test animation::tests::animated_webp_plays_and_loops ... ok
test ffmpeg::parse::tests::stupid_fps_values_are_dropped ... ok
test formats::apng::tests::detects_actl_near_the_top_only ... ok
test formats::apng::tests::durations ... ok
test formats::archive::tests::dirname_matches_posixpath ... ok
test formats::archive::tests::ugoira_json_validation ... ok
test formats::gif::tests::grey_ramp_palette_is_not_needed ... ok
test formats::isobmff::tests::finds_the_alpha_plane_of_heif_and_avif_images ... ok
test ffmpeg::parse::tests::parses_a_typical_mp4 ... ok
test formats::ole::tests::property_parsing ... ok
test formats::pdf::tests::text_strings_decode ... ok
test formats::pdf::tests::words_are_counted_like_the_reference ... ok
test formats::pdn::tests::base64 ... ok
test formats::svg::tests::sizes ... ok
test formats::update::tests::lz4_fallback ... ok
test formats::update::tests::recognises_updates ... ok
test formats::webp::tests::chunk_walk_handles_padding_and_truncation ... ok
test formats::webp::tests::opaque_reader_preserves_payload_duration_disposal_and_file_bytes_across_seeks ... ok
test hashes::tests::known_vectors ... ok
test hashes::tests::streaming_matches_one_shot ... ok
test imaging::cv::tests::flat_images_stay_flat ... ok
test imaging::cv::tests::grey_weights ... ok
test imaging::cv::tests::identity_and_shapes ... ok
test imaging::cvx::tests::kernels_sum_to_one ... ok
test imaging::cvx::tests::reflect_101 ... ok
test imaging::decode::tests::png_bit_unpacking ... ok
test imaging::decode::tests::sniffing ... ok
test imaging::exif::tests::garbage_is_empty ... ok
test imaging::exif::tests::reads_orientation_both_endians ... ok
test imaging::exif::tests::xmp_orientation_fallback ... ok
test imaging::icc::tests::generated_profile_is_loadable ... ok
test imaging::icc::tests::srgb_to_srgb_is_near_identity ... ok
test imaging::icc::tests::untransformable_modes_are_left_alone ... ok
test imaging::metadata::tests::iptc_blocks ... ok
test imaging::metadata::tests::software_comments ... ok
test imaging::metadata::tests::xmp_packets ... ok
test imaging::pil::tests::cmyk_conversion_matches_pillow_formula ... ok
test imaging::pil::tests::transposes_match_pil ... ok
test imaging::resample::tests::coefficients_sum_to_one_in_fixed_point ... ok
test imaging::resample::tests::flat_images_stay_flat ... ok
test imaging::tests::useful_alpha_needs_enough_interesting_pixels ... ok
test mimes::tests::groups_match_reference_implementation ... ok
test mimes::tests::image_extensions ... ok
test phash::tests::flat_image_is_blank ... ok
test text::tests::human_sort_orders_numbers_by_value ... ok
test text::tests::json_detection ... ok
test text::tests::splitlines_matches_python ... ok
test thumbnail::tests::default_thumbnails_have_the_target_size ... ok
test thumbnail::tests::resolution_examples ... ok
test tools::tests::software_comments ... ok
test tools::tests::video_frame_index ... ok
test formats::webp::tests::alpha_bearing_and_incomplete_or_contradictory_containers_are_not_rewritten ... ok
test ffmpeg::deadline_tests::version_deadline_is_captured_once_and_explicit_fixed_configuration_wins ... ok
test ffmpeg::deadline_tests::actual_metadata_timeout_kills_and_reaps_the_admitted_child ... ok

test result: ok. 67 passed; 0 failed; 0 ignored; 0 measured; 0 filtered out; finished in 1.01s

