test_linux_keeps_exact_source_run_and_job_gates (test_gui_publish.CIScopeTests.test_linux_keeps_exact_source_run_and_job_gates) ... ok
test_linux_policy_is_read_at_exact_source_and_recorded (test_gui_publish.CIScopeTests.test_linux_policy_is_read_at_exact_source_and_recorded) ... ok
test_linux_requires_complete_owner_policy (test_gui_publish.CIScopeTests.test_linux_requires_complete_owner_policy) ... ok
test_linux_requires_every_successful_step_without_duplicates (test_gui_publish.CIScopeTests.test_linux_requires_every_successful_step_without_duplicates) ... ok
test_omitted_or_explicit_cross_platform_scope_keeps_four_jobs (test_gui_publish.CIScopeTests.test_omitted_or_explicit_cross_platform_scope_keeps_four_jobs) ... ok
test_unknown_scope_and_inaccurate_platform_claims_reject (test_gui_publish.CIScopeTests.test_unknown_scope_and_inaccurate_platform_claims_reject) ... ok
test_append_only_history_and_original_classifications (test_gui_publish.HistoricalVerificationTests.test_append_only_history_and_original_classifications) ... ok
test_committed_and_working_ledger_deletion_reject (test_gui_publish.HistoricalVerificationTests.test_committed_and_working_ledger_deletion_reject) ... ok
test_complete_old_ledger_cannot_roll_back_a_newer_checkpoint (test_gui_publish.HistoricalVerificationTests.test_complete_old_ledger_cannot_roll_back_a_newer_checkpoint) ... ok
test_implementation_inflation_and_removal_reject (test_gui_publish.HistoricalVerificationTests.test_implementation_inflation_and_removal_reject) ... ok
test_ineligible_and_duplicate_ids_never_gain_credit (test_gui_publish.HistoricalVerificationTests.test_ineligible_and_duplicate_ids_never_gain_credit) ... ok
test_real_batch_validation_survives_later_implementation_publication (test_gui_publish.HistoricalVerificationTests.test_real_batch_validation_survives_later_implementation_publication) ... ok
test_rejected_publication_creates_no_output (test_gui_publish.HistoricalVerificationTests.test_rejected_publication_creates_no_output) ... ok
test_review_ci_sources_and_fresh_artifact_gates (test_gui_publish.HistoricalVerificationTests.test_review_ci_sources_and_fresh_artifact_gates) ... ok
test_valid_historical_leaf_stages_without_implementation_or_inventory_promotion (test_gui_publish.HistoricalVerificationTests.test_valid_historical_leaf_stages_without_implementation_or_inventory_promotion) ... ok
test_census_matches_source_audit_and_finds_shared_star_controls (test_gui_publish.PublicationTests.test_census_matches_source_audit_and_finds_shared_star_controls) ... ok
test_ci_requires_exact_sha_all_jobs_and_successful_steps (test_gui_publish.PublicationTests.test_ci_requires_exact_sha_all_jobs_and_successful_steps) ... ok
test_failed_publication_leaves_no_output (test_gui_publish.PublicationTests.test_failed_publication_leaves_no_output) ... ok
test_historical_ci_cannot_be_downgraded_by_current_worktree_policy (test_gui_publish.PublicationTests.test_historical_ci_cannot_be_downgraded_by_current_worktree_policy) ... fatal: path '.github/publication-validation.json' exists on disk, but not in '028fd72f4a3cb747e7588d0987bbb99dd83d53f7'
ok
test_nonempty_selected_publication_stages_and_enforces_selection_gates (test_gui_publish.PublicationTests.test_nonempty_selected_publication_stages_and_enforces_selection_gates) ... ok
test_original_frozen_leaves_only (test_gui_publish.PublicationTests.test_original_frozen_leaves_only) ... ok
test_prepare_is_unreviewed_and_does_not_promote_native_controls (test_gui_publish.PublicationTests.test_prepare_is_unreviewed_and_does_not_promote_native_controls) ... ok
test_reviewed_changed_anchor_requires_exact_fingerprint (test_gui_publish.PublicationTests.test_reviewed_changed_anchor_requires_exact_fingerprint) ... ok
test_source_mask_preserves_following_code_after_escaped_newline (test_gui_publish.PublicationTests.test_source_mask_preserves_following_code_after_escaped_newline) ... ok

----------------------------------------------------------------------
Ran 24 tests in 143.168s

OK
