Fontconfig error: No writable cache directories
Fontconfig error: No writable cache directories
Fontconfig error: No writable cache directories
Fontconfig error: No writable cache directories
Fontconfig error: No writable cache directories
Fontconfig error: No writable cache directories
Fontconfig error: No writable cache directories
Fontconfig error: No writable cache directories
Fontconfig error: No writable cache directories
Fontconfig error: No writable cache directories
Fontconfig error: No writable cache directories
Fontconfig error: No writable cache directories
Fontconfig error: No writable cache directories
Fontconfig error: No writable cache directories
Fontconfig error: No writable cache directories
Fontconfig error: No writable cache directories
Fontconfig error: No writable cache directories
Fontconfig error: No writable cache directories
Fontconfig error: No writable cache directories
Fontconfig error: No writable cache directories
Fontconfig error: No writable cache directories
Fontconfig error: No writable cache directories
Fontconfig error: No writable cache directories
Fontconfig error: No writable cache directories
Fontconfig error: No writable cache directories
Fontconfig error: No writable cache directories
Fontconfig error: No writable cache directories
Fontconfig error: No writable cache directories
Fontconfig error: No writable cache directories
v688, 2026-10-07 17:42:07: hydrus client started
v688, 2026-10-07 17:42:07: booting controller…
v688, 2026-10-07 17:42:08: This plugin does not support propagateSizeHints()
v688, 2026-10-07 17:42:08: This plugin does not support raise()
v688, 2026-10-07 17:42:08: booting db…
v688, 2026-10-07 17:42:09: checking database
v688, 2026-10-07 17:42:09: initialising managers
v688, 2026-10-07 17:42:09: booting gui…
v688, 2026-10-07 17:42:11: starting services…
v688, 2026-10-07 17:42:12: Running "client api" on port 45901.
v688, 2026-10-07 17:42:12: services started
v688, 2026-10-07 17:42:12: Filling in legacy archive time for 1: 1644991199200!
v688, 2026-10-07 17:42:12: Filling in legacy archive time for 14: 1644991196000!
v688, 2026-10-07 17:42:12: Filling in legacy archive time for 3: 1644991198100!
v688, 2026-10-07 17:42:12: 3 missing legacy archive times fixed!
v688, 2026-10-07 17:42:12: Filling in import archive time for 2: 1644991201000!
v688, 2026-10-07 17:42:12: Filling in import archive time for 4: 1644991202000!
v688, 2026-10-07 17:42:12: 2 missing import archive times fixed!
v688, 2026-10-07 17:42:12: doing fast shutdown…
v688, 2026-10-07 17:42:12: shutting down controller…
v688, 2026-10-07 17:42:12: hydrus client shut down
Fontconfig error: No writable cache directories
Fontconfig error: No writable cache directories
Fontconfig error: No writable cache directories
Fontconfig error: No writable cache directories
Fontconfig error: No writable cache directories
Fontconfig error: No writable cache directories
Fontconfig error: No writable cache directories
Fontconfig error: No writable cache directories
Fontconfig error: No writable cache directories
Fontconfig error: No writable cache directories
Fontconfig error: No writable cache directories
Fontconfig error: No writable cache directories
Fontconfig error: No writable cache directories
Fontconfig error: No writable cache directories
Fontconfig error: No writable cache directories
Fontconfig error: No writable cache directories
Fontconfig error: No writable cache directories
Fontconfig error: No writable cache directories
Fontconfig error: No writable cache directories
Fontconfig error: No writable cache directories
Fontconfig error: No writable cache directories
Fontconfig error: No writable cache directories
Fontconfig error: No writable cache directories
Fontconfig error: No writable cache directories
Fontconfig error: No writable cache directories
Fontconfig error: No writable cache directories
Fontconfig error: No writable cache directories
Fontconfig error: No writable cache directories
Fontconfig error: No writable cache directories
v688, 2026-10-07 17:42:15: hydrus client started
v688, 2026-10-07 17:42:15: booting controller…
v688, 2026-10-07 17:42:16: This plugin does not support propagateSizeHints()
v688, 2026-10-07 17:42:16: This plugin does not support raise()
v688, 2026-10-07 17:42:16: booting db…
v688, 2026-10-07 17:42:16: checking database
v688, 2026-10-07 17:42:16: initialising managers
v688, 2026-10-07 17:42:16: booting gui…
v688, 2026-10-07 17:42:17: starting services…
v688, 2026-10-07 17:42:17: Running "client api" on port 45901.
v688, 2026-10-07 17:42:17: services started
v688, 2026-10-07 17:42:18: doing fast shutdown…
v688, 2026-10-07 17:42:18: shutting down controller…
v688, 2026-10-07 17:42:18: hydrus client shut down
Fontconfig error: No writable cache directories
Fontconfig error: No writable cache directories
Fontconfig error: No writable cache directories
Fontconfig error: No writable cache directories
Fontconfig error: No writable cache directories
Fontconfig error: No writable cache directories
Fontconfig error: No writable cache directories
Fontconfig error: No writable cache directories
Fontconfig error: No writable cache directories
Fontconfig error: No writable cache directories
Fontconfig error: No writable cache directories
Fontconfig error: No writable cache directories
Fontconfig error: No writable cache directories
Fontconfig error: No writable cache directories
Fontconfig error: No writable cache directories
Fontconfig error: No writable cache directories
Fontconfig error: No writable cache directories
Fontconfig error: No writable cache directories
Fontconfig error: No writable cache directories
Fontconfig error: No writable cache directories
Fontconfig error: No writable cache directories
Fontconfig error: No writable cache directories
Fontconfig error: No writable cache directories
Fontconfig error: No writable cache directories
Fontconfig error: No writable cache directories
Fontconfig error: No writable cache directories
Fontconfig error: No writable cache directories
Fontconfig error: No writable cache directories
Fontconfig error: No writable cache directories
v688, 2026-10-07 17:42:20: hydrus client started
v688, 2026-10-07 17:42:21: booting controller…
v688, 2026-10-07 17:42:21: This plugin does not support propagateSizeHints()
v688, 2026-10-07 17:42:21: This plugin does not support raise()
v688, 2026-10-07 17:42:21: booting db…
v688, 2026-10-07 17:42:21: checking database
v688, 2026-10-07 17:42:22: initialising managers
v688, 2026-10-07 17:42:22: booting gui…
v688, 2026-10-07 17:42:22: starting services…
v688, 2026-10-07 17:42:22: Running "client api" on port 45901.
v688, 2026-10-07 17:42:22: services started
v688, 2026-10-07 17:42:23: Filling in legacy archive time for 1: 1644991199200!
v688, 2026-10-07 17:42:23: Filling in legacy archive time for 14: 1644991196000!
v688, 2026-10-07 17:42:23: Filling in legacy archive time for 3: 1644991198100!
v688, 2026-10-07 17:42:23: 3 missing legacy archive times fixed!
v688, 2026-10-07 17:42:23: Filling in import archive time for 2: 1644991201000!
v688, 2026-10-07 17:42:23: Filling in import archive time for 4: 1644991202000!
v688, 2026-10-07 17:42:23: 2 missing import archive times fixed!
v688, 2026-10-07 17:42:23: doing fast shutdown…
v688, 2026-10-07 17:42:23: shutting down controller…
v688, 2026-10-07 17:42:23: hydrus client shut down
wrote /workspace/hydrus-mine/oracle/fixtures/archive_time_repair.json
