cargo:rerun-if-changed=/workspace/thumbnail-navigation-repair/crates/hydrus-gui/ui/about.slint
cargo:rerun-if-changed=/workspace/thumbnail-navigation-repair/crates/hydrus-gui/ui/active_predicates.slint
cargo:rerun-if-changed=/workspace/thumbnail-navigation-repair/crates/hydrus-gui/ui/archive_delete.slint
cargo:rerun-if-changed=/workspace/thumbnail-navigation-repair/crates/hydrus-gui/ui/archive_repair.slint
cargo:rerun-if-changed=/workspace/thumbnail-navigation-repair/crates/hydrus-gui/ui/auto_resolution_review.slint
cargo:rerun-if-changed=/workspace/thumbnail-navigation-repair/crates/hydrus-gui/ui/auto_resolution_rules.slint
cargo:rerun-if-changed=/workspace/thumbnail-navigation-repair/crates/hydrus-gui/ui/checker_options.slint
cargo:rerun-if-changed=/workspace/thumbnail-navigation-repair/crates/hydrus-gui/ui/choice_buttons.slint
cargo:rerun-if-changed=/workspace/thumbnail-navigation-repair/crates/hydrus-gui/ui/client_api_admin.slint
cargo:rerun-if-changed=/workspace/thumbnail-navigation-repair/crates/hydrus-gui/ui/command_palette.slint
cargo:rerun-if-changed=/workspace/thumbnail-navigation-repair/crates/hydrus-gui/ui/database_locations.slint
cargo:rerun-if-changed=/workspace/thumbnail-navigation-repair/crates/hydrus-gui/ui/debug_fetch.slint
cargo:rerun-if-changed=/workspace/thumbnail-navigation-repair/crates/hydrus-gui/ui/delete_files.slint
cargo:rerun-if-changed=/workspace/thumbnail-navigation-repair/crates/hydrus-gui/ui/deletion_reasons.slint
cargo:rerun-if-changed=/workspace/thumbnail-navigation-repair/crates/hydrus-gui/ui/domains.slint
cargo:rerun-if-changed=/workspace/thumbnail-navigation-repair/crates/hydrus-gui/ui/downloader_definitions.slint
cargo:rerun-if-changed=/workspace/thumbnail-navigation-repair/crates/hydrus-gui/ui/downloader_display.slint
cargo:rerun-if-changed=/workspace/thumbnail-navigation-repair/crates/hydrus-gui/ui/downloader_interchange.slint
cargo:rerun-if-changed=/workspace/thumbnail-navigation-repair/crates/hydrus-gui/ui/duplicate_filter.slint
cargo:rerun-if-changed=/workspace/thumbnail-navigation-repair/crates/hydrus-gui/ui/duplicates_page.slint
cargo:rerun-if-changed=/workspace/thumbnail-navigation-repair/crates/hydrus-gui/ui/edit_subscription.slint
cargo:rerun-if-changed=/workspace/thumbnail-navigation-repair/crates/hydrus-gui/ui/edit_value.slint
cargo:rerun-if-changed=/workspace/thumbnail-navigation-repair/crates/hydrus-gui/ui/embedded_metadata.slint
cargo:rerun-if-changed=/workspace/thumbnail-navigation-repair/crates/hydrus-gui/ui/export_files.slint
cargo:rerun-if-changed=/workspace/thumbnail-navigation-repair/crates/hydrus-gui/ui/export_pattern.slint
cargo:rerun-if-changed=/workspace/thumbnail-navigation-repair/crates/hydrus-gui/ui/export_tags.slint
cargo:rerun-if-changed=/workspace/thumbnail-navigation-repair/crates/hydrus-gui/ui/external_calls.slint
cargo:rerun-if-changed=/workspace/thumbnail-navigation-repair/crates/hydrus-gui/ui/favourites.slint
cargo:rerun-if-changed=/workspace/thumbnail-navigation-repair/crates/hydrus-gui/ui/file_history.slint
cargo:rerun-if-changed=/workspace/thumbnail-navigation-repair/crates/hydrus-gui/ui/file_log.slint
cargo:rerun-if-changed=/workspace/thumbnail-navigation-repair/crates/hydrus-gui/ui/file_maintenance_current.slint
cargo:rerun-if-changed=/workspace/thumbnail-navigation-repair/crates/hydrus-gui/ui/filename_tagging.slint
cargo:rerun-if-changed=/workspace/thumbnail-navigation-repair/crates/hydrus-gui/ui/filesize_comparison.slint
cargo:rerun-if-changed=/workspace/thumbnail-navigation-repair/crates/hydrus-gui/ui/filetype_tree.slint
cargo:rerun-if-changed=/workspace/thumbnail-navigation-repair/crates/hydrus-gui/ui/folders.slint
cargo:rerun-if-changed=/workspace/thumbnail-navigation-repair/crates/hydrus-gui/ui/force_filetype.slint
cargo:rerun-if-changed=/workspace/thumbnail-navigation-repair/crates/hydrus-gui/ui/formula_editors.slint
cargo:rerun-if-changed=/workspace/thumbnail-navigation-repair/crates/hydrus-gui/ui/frame_locations.slint
cargo:rerun-if-changed=/workspace/thumbnail-navigation-repair/crates/hydrus-gui/ui/gallery.slint
cargo:rerun-if-changed=/workspace/thumbnail-navigation-repair/crates/hydrus-gui/ui/gallery_source.slint
cargo:rerun-if-changed=/workspace/thumbnail-navigation-repair/crates/hydrus-gui/ui/gui_coloursets.slint
cargo:rerun-if-changed=/workspace/thumbnail-navigation-repair/crates/hydrus-gui/ui/hash_choices.slint
cargo:rerun-if-changed=/workspace/thumbnail-navigation-repair/crates/hydrus-gui/ui/how_boned.slint
cargo:rerun-if-changed=/workspace/thumbnail-navigation-repair/crates/hydrus-gui/ui/import_files.slint
cargo:rerun-if-changed=/workspace/thumbnail-navigation-repair/crates/hydrus-gui/ui/import_options.slint
cargo:rerun-if-changed=/workspace/thumbnail-navigation-repair/crates/hydrus-gui/ui/import_options_favourites.slint
cargo:rerun-if-changed=/workspace/thumbnail-navigation-repair/crates/hydrus-gui/ui/import_options_overwrite.slint
cargo:rerun-if-changed=/workspace/thumbnail-navigation-repair/crates/hydrus-gui/ui/import_options_panel.slint
cargo:rerun-if-changed=/workspace/thumbnail-navigation-repair/crates/hydrus-gui/ui/importing.slint
cargo:rerun-if-changed=/workspace/thumbnail-navigation-repair/crates/hydrus-gui/ui/incremental_tagging.slint
cargo:rerun-if-changed=/workspace/thumbnail-navigation-repair/crates/hydrus-gui/ui/list_table.slint
cargo:rerun-if-changed=/workspace/thumbnail-navigation-repair/crates/hydrus-gui/ui/local_transfer.slint
cargo:rerun-if-changed=/workspace/thumbnail-navigation-repair/crates/hydrus-gui/ui/login_cookies.slint
cargo:rerun-if-changed=/workspace/thumbnail-navigation-repair/crates/hydrus-gui/ui/login_credentials.slint
cargo:rerun-if-changed=/workspace/thumbnail-navigation-repair/crates/hydrus-gui/ui/login_domain_entry.slint
cargo:rerun-if-changed=/workspace/thumbnail-navigation-repair/crates/hydrus-gui/ui/login_domains.slint
cargo:rerun-if-changed=/workspace/thumbnail-navigation-repair/crates/hydrus-gui/ui/login_example.slint
cargo:rerun-if-changed=/workspace/thumbnail-navigation-repair/crates/hydrus-gui/ui/login_result.slint
cargo:rerun-if-changed=/workspace/thumbnail-navigation-repair/crates/hydrus-gui/ui/login_step.slint
cargo:rerun-if-changed=/workspace/thumbnail-navigation-repair/crates/hydrus-gui/ui/login_workflows.slint
cargo:rerun-if-changed=/workspace/thumbnail-navigation-repair/crates/hydrus-gui/ui/main_menu.slint
cargo:rerun-if-changed=/workspace/thumbnail-navigation-repair/crates/hydrus-gui/ui/manage_notes.slint
cargo:rerun-if-changed=/workspace/thumbnail-navigation-repair/crates/hydrus-gui/ui/manage_ratings.slint
cargo:rerun-if-changed=/workspace/thumbnail-navigation-repair/crates/hydrus-gui/ui/manage_tags.slint
cargo:rerun-if-changed=/workspace/thumbnail-navigation-repair/crates/hydrus-gui/ui/manage_times.slint
cargo:rerun-if-changed=/workspace/thumbnail-navigation-repair/crates/hydrus-gui/ui/manage_urls.slint
cargo:rerun-if-changed=/workspace/thumbnail-navigation-repair/crates/hydrus-gui/ui/media_views.slint
cargo:rerun-if-changed=/workspace/thumbnail-navigation-repair/crates/hydrus-gui/ui/menu_choice_wheel.slint
cargo:rerun-if-changed=/workspace/thumbnail-navigation-repair/crates/hydrus-gui/ui/menus.slint
cargo:rerun-if-changed=/workspace/thumbnail-navigation-repair/crates/hydrus-gui/ui/merge_options.slint
cargo:rerun-if-changed=/workspace/thumbnail-navigation-repair/crates/hydrus-gui/ui/namespace_colours.slint
cargo:rerun-if-changed=/workspace/thumbnail-navigation-repair/crates/hydrus-gui/ui/namespace_sorts.slint
cargo:rerun-if-changed=/workspace/thumbnail-navigation-repair/crates/hydrus-gui/ui/network_data.slint
cargo:rerun-if-changed=/workspace/thumbnail-navigation-repair/crates/hydrus-gui/ui/network_sessions.slint
cargo:rerun-if-changed=/workspace/thumbnail-navigation-repair/crates/hydrus-gui/ui/note_hover_copy.slint
cargo:rerun-if-changed=/workspace/thumbnail-navigation-repair/crates/hydrus-gui/ui/note_text_edit.slint
cargo:rerun-if-changed=/workspace/thumbnail-navigation-repair/crates/hydrus-gui/ui/notebook_tabs.slint
cargo:rerun-if-changed=/workspace/thumbnail-navigation-repair/crates/hydrus-gui/ui/open_externally.slint
cargo:rerun-if-changed=/workspace/thumbnail-navigation-repair/crates/hydrus-gui/ui/options.slint
cargo:rerun-if-changed=/workspace/thumbnail-navigation-repair/crates/hydrus-gui/ui/page_splitter.slint
cargo:rerun-if-changed=/workspace/thumbnail-navigation-repair/crates/hydrus-gui/ui/palette_provider_queue.slint
cargo:rerun-if-changed=/workspace/thumbnail-navigation-repair/crates/hydrus-gui/ui/parser_editors.slint
cargo:rerun-if-changed=/workspace/thumbnail-navigation-repair/crates/hydrus-gui/ui/png_export.slint
cargo:rerun-if-changed=/workspace/thumbnail-navigation-repair/crates/hydrus-gui/ui/popups.slint
cargo:rerun-if-changed=/workspace/thumbnail-navigation-repair/crates/hydrus-gui/ui/predicate_editor.slint
cargo:rerun-if-changed=/workspace/thumbnail-navigation-repair/crates/hydrus-gui/ui/read_autocomplete.slint
cargo:rerun-if-changed=/workspace/thumbnail-navigation-repair/crates/hydrus-gui/ui/read_suggestions.slint
cargo:rerun-if-changed=/workspace/thumbnail-navigation-repair/crates/hydrus-gui/ui/regex_favourites.slint
cargo:rerun-if-changed=/workspace/thumbnail-navigation-repair/crates/hydrus-gui/ui/regex_tools.slint
cargo:rerun-if-changed=/workspace/thumbnail-navigation-repair/crates/hydrus-gui/ui/related_weights.slint
cargo:rerun-if-changed=/workspace/thumbnail-navigation-repair/crates/hydrus-gui/ui/search_log_import.slint
cargo:rerun-if-changed=/workspace/thumbnail-navigation-repair/crates/hydrus-gui/ui/search_or.slint
cargo:rerun-if-changed=/workspace/thumbnail-navigation-repair/crates/hydrus-gui/ui/services_editor.slint
cargo:rerun-if-changed=/workspace/thumbnail-navigation-repair/crates/hydrus-gui/ui/services_review.slint
cargo:rerun-if-changed=/workspace/thumbnail-navigation-repair/crates/hydrus-gui/ui/session_dialog.slint
cargo:rerun-if-changed=/workspace/thumbnail-navigation-repair/crates/hydrus-gui/ui/shortcuts.slint
cargo:rerun-if-changed=/workspace/thumbnail-navigation-repair/crates/hydrus-gui/ui/sidecars.slint
cargo:rerun-if-changed=/workspace/thumbnail-navigation-repair/crates/hydrus-gui/ui/simple_downloader.slint
cargo:rerun-if-changed=/workspace/thumbnail-navigation-repair/crates/hydrus-gui/ui/simple_formulae.slint
cargo:rerun-if-changed=/workspace/thumbnail-navigation-repair/crates/hydrus-gui/ui/sort_collect_cog.slint
cargo:rerun-if-changed=/workspace/thumbnail-navigation-repair/crates/hydrus-gui/ui/string_processor.slint
cargo:rerun-if-changed=/workspace/thumbnail-navigation-repair/crates/hydrus-gui/ui/subscriptions.slint
cargo:rerun-if-changed=/workspace/thumbnail-navigation-repair/crates/hydrus-gui/ui/tag_banner.slint
cargo:rerun-if-changed=/workspace/thumbnail-navigation-repair/crates/hydrus-gui/ui/tag_display.slint
cargo:rerun-if-changed=/workspace/thumbnail-navigation-repair/crates/hydrus-gui/ui/tag_filter.slint
cargo:rerun-if-changed=/workspace/thumbnail-navigation-repair/crates/hydrus-gui/ui/tag_migration.slint
cargo:rerun-if-changed=/workspace/thumbnail-navigation-repair/crates/hydrus-gui/ui/tag_namespace_order.slint
cargo:rerun-if-changed=/workspace/thumbnail-navigation-repair/crates/hydrus-gui/ui/tag_relationships.slint
cargo:rerun-if-changed=/workspace/thumbnail-navigation-repair/crates/hydrus-gui/ui/tag_service_panels.slint
cargo:rerun-if-changed=/workspace/thumbnail-navigation-repair/crates/hydrus-gui/ui/tag_suggestions.slint
cargo:rerun-if-changed=/workspace/thumbnail-navigation-repair/crates/hydrus-gui/ui/tag_sync_review.slint
cargo:rerun-if-changed=/workspace/thumbnail-navigation-repair/crates/hydrus-gui/ui/tag_text.slint
cargo:rerun-if-changed=/workspace/thumbnail-navigation-repair/crates/hydrus-gui/ui/theme.slint
cargo:rerun-if-changed=/workspace/thumbnail-navigation-repair/crates/hydrus-gui/ui/thumbnail_paint.slint
cargo:rerun-if-changed=/workspace/thumbnail-navigation-repair/crates/hydrus-gui/ui/transparency_backdrop.slint
cargo:rerun-if-changed=/workspace/thumbnail-navigation-repair/crates/hydrus-gui/ui/unlock.slint
cargo:rerun-if-changed=/workspace/thumbnail-navigation-repair/crates/hydrus-gui/ui/vacuum_review.slint
cargo:rerun-if-changed=/workspace/thumbnail-navigation-repair/crates/hydrus-gui/ui/viewer.slint
cargo:rerun-if-changed=/workspace/thumbnail-navigation-repair/crates/hydrus-gui/ui/viewer_eye_menu.slint
cargo:rerun-if-changed=/workspace/thumbnail-navigation-repair/crates/hydrus-gui/ui/viewer_shortcut_menu.slint
cargo:rerun-if-changed=/workspace/thumbnail-navigation-repair/crates/hydrus-gui/ui/viewer_tags_hover.slint
cargo:rerun-if-changed=/workspace/thumbnail-navigation-repair/crates/hydrus-gui/ui/watcher.slint
cargo:rerun-if-changed=/workspace/thumbnail-navigation-repair/crates/hydrus-gui/ui/write_autocomplete.slint
cargo:rerun-if-changed=/workspace/thumbnail-navigation-repair/crates/hydrus-gui/ui/write_tag_line_edit.slint
cargo:rerun-if-changed=/workspace/thumbnail-navigation-repair/crates/hydrus-gui-ui/../hydrus-gui/ui/main.slint
cargo:rerun-if-changed=/workspace/thumbnail-navigation-repair/static/stop.png
cargo:rerun-if-changed=/workspace/thumbnail-navigation-repair/static/dump_fail.png
cargo:rerun-if-changed=/workspace/thumbnail-navigation-repair/static/file_play.png
cargo:rerun-if-changed=/workspace/thumbnail-navigation-repair/static/file_pause.png
cargo:rerun-if-changed=/workspace/thumbnail-navigation-repair/static/gallery_play.png
cargo:rerun-if-changed=/workspace/thumbnail-navigation-repair/static/gallery_pause.png
cargo:rerun-if-changed=/workspace/thumbnail-navigation-repair/static/highlight.png
cargo:rerun-if-changed=/workspace/thumbnail-navigation-repair/static/clear_highlight.png
cargo:rerun-if-changed=/workspace/thumbnail-navigation-repair/static/trash.png
cargo:rerun-if-changed=/workspace/thumbnail-navigation-repair/static/paste.png
cargo:rerun-if-changed=/workspace/thumbnail-navigation-repair/static/inbox.png
cargo:rerun-if-changed=/workspace/thumbnail-navigation-repair/static/notes.png
cargo:rerun-if-changed=/workspace/thumbnail-navigation-repair/static/downloading.png
cargo:rerun-if-changed=/workspace/thumbnail-navigation-repair/static/sound.png
cargo:rerun-if-changed=/workspace/thumbnail-navigation-repair/static/play.png
cargo:rerun-if-changed=/workspace/thumbnail-navigation-repair/static/file_repository_small.png
cargo:rerun-if-changed=/workspace/thumbnail-navigation-repair/static/file_repository_pending_small.png
cargo:rerun-if-changed=/workspace/thumbnail-navigation-repair/static/file_repository_petitioned_small.png
cargo:rerun-if-changed=/workspace/thumbnail-navigation-repair/static/ipfs_small.png
cargo:rerun-if-changed=/workspace/thumbnail-navigation-repair/static/ipfs_pending_small.png
cargo:rerun-if-changed=/workspace/thumbnail-navigation-repair/static/ipfs_petitioned_small.png
cargo:rerun-if-changed=/workspace/thumbnail-navigation-repair/static/collection.png
cargo:rerun-if-changed=/workspace/thumbnail-navigation-repair/static/eye.svg
cargo:rerun-if-changed=/workspace/thumbnail-navigation-repair/static/boned.jpg
cargo:rerun-if-changed=/workspace/thumbnail-navigation-repair/static/pause.png
cargo:rerun-if-changed=/workspace/thumbnail-navigation-repair/static/archive.png
cargo:rerun-if-changed=/workspace/thumbnail-navigation-repair/static/to_inbox.png
cargo:rerun-if-changed=/workspace/thumbnail-navigation-repair/static/delete.png
cargo:rerun-if-changed=/workspace/thumbnail-navigation-repair/static/undelete.png
cargo:rerun-if-changed=/workspace/thumbnail-navigation-repair/static/zoom_in.png
cargo:rerun-if-changed=/workspace/thumbnail-navigation-repair/static/zoom_out.png
cargo:rerun-if-changed=/workspace/thumbnail-navigation-repair/static/zoom_switch.png
cargo:rerun-if-changed=/workspace/thumbnail-navigation-repair/static/fullscreen_switch.svg
cargo:rerun-if-changed=/workspace/thumbnail-navigation-repair/static/open_externally.png
cargo:rerun-if-changed=/workspace/thumbnail-navigation-repair/static/drag.png
cargo:rerun-if-changed=/workspace/thumbnail-navigation-repair/static/keyboard.png
cargo:rerun-if-env-changed=SLINT_STYLE
cargo:rerun-if-env-changed=SLINT_FONT_SIZES
cargo:rerun-if-env-changed=SLINT_SCALE_FACTOR
cargo:rerun-if-env-changed=SLINT_ASSET_SECTION
cargo:rerun-if-env-changed=SLINT_EMBED_RESOURCES
cargo:rerun-if-env-changed=SLINT_EMIT_DEBUG_INFO
cargo:rerun-if-env-changed=SLINT_LIVE_PREVIEW
cargo:rerun-if-env-changed=SLINT_BUNDLE_TRANSLATIONS
cargo:rustc-env=SLINT_INCLUDE_GENERATED=/workspace/validation-reviews/thumbnail-navigation3/repair1/slint-generation/main.rs
